Component: ARM Compiler 5.06 update 6 (build 750) Tool: armlink [4d35ed]

==============================================================================

Section Cross References

    startup_stm32f427xx.o(RESET) refers to startup_stm32f427xx.o(STACK) for __initial_sp
    startup_stm32f427xx.o(RESET) refers to startup_stm32f427xx.o(.text) for Reset_Handler
    startup_stm32f427xx.o(RESET) refers to stm32f4xx_it.o(i.NMI_Handler) for NMI_Handler
    startup_stm32f427xx.o(RESET) refers to stm32f4xx_it.o(i.HardFault_Handler) for HardFault_Handler
    startup_stm32f427xx.o(RESET) refers to stm32f4xx_it.o(i.MemManage_Handler) for MemManage_Handler
    startup_stm32f427xx.o(RESET) refers to stm32f4xx_it.o(i.BusFault_Handler) for BusFault_Handler
    startup_stm32f427xx.o(RESET) refers to stm32f4xx_it.o(i.UsageFault_Handler) for UsageFault_Handler
    startup_stm32f427xx.o(RESET) refers to stm32f4xx_it.o(i.SVC_Handler) for SVC_Handler
    startup_stm32f427xx.o(RESET) refers to stm32f4xx_it.o(i.DebugMon_Handler) for DebugMon_Handler
    startup_stm32f427xx.o(RESET) refers to stm32f4xx_it.o(i.PendSV_Handler) for PendSV_Handler
    startup_stm32f427xx.o(RESET) refers to stm32f4xx_it.o(i.SysTick_Handler) for SysTick_Handler
    startup_stm32f427xx.o(RESET) refers to stm32f4xx_it.o(i.CAN1_RX0_IRQHandler) for CAN1_RX0_IRQHandler
    startup_stm32f427xx.o(RESET) refers to stm32f4xx_it.o(i.USART1_IRQHandler) for USART1_IRQHandler
    startup_stm32f427xx.o(RESET) refers to stm32f4xx_it.o(i.TIM7_IRQHandler) for TIM7_IRQHandler
    startup_stm32f427xx.o(RESET) refers to stm32f4xx_it.o(i.DMA2_Stream1_IRQHandler) for DMA2_Stream1_IRQHandler
    startup_stm32f427xx.o(RESET) refers to stm32f4xx_it.o(i.DMA2_Stream2_IRQHandler) for DMA2_Stream2_IRQHandler
    startup_stm32f427xx.o(RESET) refers to stm32f4xx_it.o(i.DMA2_Stream6_IRQHandler) for DMA2_Stream6_IRQHandler
    startup_stm32f427xx.o(RESET) refers to stm32f4xx_it.o(i.USART6_IRQHandler) for USART6_IRQHandler
    startup_stm32f427xx.o(.text) refers to system_stm32f4xx.o(i.SystemInit) for SystemInit
    startup_stm32f427xx.o(.text) refers to entry.o(.ARM.Collect$$$$00000000) for __main
    debug.o(i.Debug_DecodeFrame) refers to memcpya.o(.text) for __aeabi_memcpy4
    debug.o(i.Debug_DecodeFrame) refers to strlen.o(.text) for strlen
    debug.o(i.Debug_DecodeFrame) refers to stm32f4xx_hal_uart.o(i.HAL_UART_Transmit_DMA) for HAL_UART_Transmit_DMA
    debug.o(i.Debug_DecodeFrame) refers to debug.o(.bss) for .bss
    debug.o(i.Debug_DecodeFrame) refers to debug.o(.constdata) for .constdata
    debug.o(i.Debug_DecodeFrame) refers to debug.o(.data) for .data
    debug.o(i.Debug_DecodeFrame) refers to usart.o(.bss) for huart6
    debug.o(i.Debug_RegisterVar) refers to debug.o(.data) for .data
    debug.o(i.Debug_RegisterVar) refers to debug.o(.bss) for .bss
    debug_datascope.o(i.DataScope_Data_Generate) refers to debug_datascope.o(.bss) for .bss
    debug_datascope.o(i.Debug_addData) refers to debug_datascope.o(i.Float2Byte) for Float2Byte
    debug_datascope.o(i.Debug_addData) refers to debug_datascope.o(.bss) for .bss
    debug_datascope.o(i.Debug_show) refers to debug_datascope.o(i.DataScope_Data_Generate) for DataScope_Data_Generate
    debug_datascope.o(i.Debug_show) refers to stm32f4xx_hal_uart.o(i.HAL_UART_Transmit_DMA) for HAL_UART_Transmit_DMA
    debug_datascope.o(i.Debug_show) refers to debug_datascope.o(.bss) for .bss
    debug_datascope.o(i.Debug_show) refers to usart.o(.bss) for huart6
    main.o(i.SystemClock_Config) refers to memseta.o(.text) for __aeabi_memclr4
    main.o(i.SystemClock_Config) refers to stm32f4xx_hal_rcc.o(i.HAL_RCC_OscConfig) for HAL_RCC_OscConfig
    main.o(i.SystemClock_Config) refers to stm32f4xx_hal_rcc.o(i.HAL_RCC_ClockConfig) for HAL_RCC_ClockConfig
    main.o(i.main) refers to stm32f4xx_hal.o(i.HAL_Init) for HAL_Init
    main.o(i.main) refers to main.o(i.SystemClock_Config) for SystemClock_Config
    main.o(i.main) refers to gpio.o(i.MX_GPIO_Init) for MX_GPIO_Init
    main.o(i.main) refers to dma.o(i.MX_DMA_Init) for MX_DMA_Init
    main.o(i.main) refers to usart.o(i.MX_USART6_UART_Init) for MX_USART6_UART_Init
    main.o(i.main) refers to usart.o(i.MX_UART7_Init) for MX_UART7_Init
    main.o(i.main) refers to can.o(i.MX_CAN1_Init) for MX_CAN1_Init
    main.o(i.main) refers to tim.o(i.MX_TIM7_Init) for MX_TIM7_Init
    main.o(i.main) refers to usart.o(i.MX_USART1_UART_Init) for MX_USART1_UART_Init
    main.o(i.main) refers to debug.o(i.Debug_RegisterVar) for Debug_RegisterVar
    main.o(i.main) refers to bsp_can.o(i.CAN1_IT_Init) for CAN1_IT_Init
    main.o(i.main) refers to stm32f4xx_hal_tim.o(i.HAL_TIM_Base_Start_IT) for HAL_TIM_Base_Start_IT
    main.o(i.main) refers to dr16_recive.o(i.usart1_dr16_init) for usart1_dr16_init
    main.o(i.main) refers to pid.o(i.PositionPID_paraReset) for PositionPID_paraReset
    main.o(i.main) refers to stm32f4xx_hal.o(i.HAL_Delay) for HAL_Delay
[...]
    Removing stm32f4xx_hal_tim.o(i.TIM_SlaveTimer_SetConfig), (134 bytes).
    Removing stm32f4xx_hal_tim.o(i.TIM_TI1_ConfigInputStage), (34 bytes).
    Removing stm32f4xx_hal_tim.o(i.TIM_TI1_SetConfig), (128 bytes).
    Removing stm32f4xx_hal_tim.o(i.TIM_TI2_ConfigInputStage), (36 bytes).
    Removing stm32f4xx_hal_tim.o(i.TIM_TI2_SetConfig), (54 bytes).
    Removing stm32f4xx_hal_tim_ex.o(.rev16_text), (4 bytes).
    Removing stm32f4xx_hal_tim_ex.o(.revsh_text), (4 bytes).
    Removing stm32f4xx_hal_tim_ex.o(.rrx_text), (6 bytes).
    Removing stm32f4xx_hal_tim_ex.o(i.HAL_TIMEx_CommutHalfCpltCallback), (2 bytes).
    Removing stm32f4xx_hal_tim_ex.o(i.HAL_TIMEx_ConfigBreakDeadTime), (84 bytes).
    Removing stm32f4xx_hal_tim_ex.o(i.HAL_TIMEx_ConfigCommutEvent), (112 bytes).
    Removing stm32f4xx_hal_tim_ex.o(i.HAL_TIMEx_ConfigCommutEvent_DMA), (144 bytes).
    Removing stm32f4xx_hal_tim_ex.o(i.HAL_TIMEx_ConfigCommutEvent_IT), (112 bytes).
    Removing stm32f4xx_hal_tim_ex.o(i.HAL_TIMEx_HallSensor_DeInit), (56 bytes).
    Removing stm32f4xx_hal_tim_ex.o(i.HAL_TIMEx_HallSensor_GetState), (6 bytes).
    Removing stm32f4xx_hal_tim_ex.o(i.HAL_TIMEx_HallSensor_Init), (188 bytes).
    Removing stm32f4xx_hal_tim_ex.o(i.HAL_TIMEx_HallSensor_MspDeInit), (2 bytes).
    Removing stm32f4xx_hal_tim_ex.o(i.HAL_TIMEx_HallSensor_MspInit), (2 bytes).
    Removing stm32f4xx_hal_tim_ex.o(i.HAL_TIMEx_HallSensor_Start), (38 bytes).
    Removing stm32f4xx_hal_tim_ex.o(i.HAL_TIMEx_HallSensor_Start_DMA), (128 bytes).
    Removing stm32f4xx_hal_tim_ex.o(i.HAL_TIMEx_HallSensor_Start_IT), (48 bytes).
    Removing stm32f4xx_hal_tim_ex.o(i.HAL_TIMEx_HallSensor_Stop), (46 bytes).
    Removing stm32f4xx_hal_tim_ex.o(i.HAL_TIMEx_HallSensor_Stop_DMA), (62 bytes).
    Removing stm32f4xx_hal_tim_ex.o(i.HAL_TIMEx_HallSensor_Stop_IT), (56 bytes).
    Removing stm32f4xx_hal_tim_ex.o(i.HAL_TIMEx_OCN_Start), (46 bytes).
    Removing stm32f4xx_hal_tim_ex.o(i.HAL_TIMEx_OCN_Start_DMA), (228 bytes).
    Removing stm32f4xx_hal_tim_ex.o(i.HAL_TIMEx_OCN_Start_IT), (94 bytes).
    Removing stm32f4xx_hal_tim_ex.o(i.HAL_TIMEx_OCN_Stop), (68 bytes).
    Removing stm32f4xx_hal_tim_ex.o(i.HAL_TIMEx_OCN_Stop_DMA), (130 bytes).
    Removing stm32f4xx_hal_tim_ex.o(i.HAL_TIMEx_OCN_Stop_IT), (122 bytes).
    Removing stm32f4xx_hal_tim_ex.o(i.HAL_TIMEx_OnePulseN_Start), (26 bytes).
    Removing stm32f4xx_hal_tim_ex.o(i.HAL_TIMEx_OnePulseN_Start_IT), (46 bytes).
    Removing stm32f4xx_hal_tim_ex.o(i.HAL_TIMEx_OnePulseN_Stop), (68 bytes).
    Removing stm32f4xx_hal_tim_ex.o(i.HAL_TIMEx_OnePulseN_Stop_IT), (88 bytes).
    Removing stm32f4xx_hal_tim_ex.o(i.HAL_TIMEx_PWMN_Start), (46 bytes).
    Removing stm32f4xx_hal_tim_ex.o(i.HAL_TIMEx_PWMN_Start_DMA), (228 bytes).
    Removing stm32f4xx_hal_tim_ex.o(i.HAL_TIMEx_PWMN_Start_IT), (94 bytes).
    Removing stm32f4xx_hal_tim_ex.o(i.HAL_TIMEx_PWMN_Stop), (68 bytes).
    Removing stm32f4xx_hal_tim_ex.o(i.HAL_TIMEx_PWMN_Stop_DMA), (130 bytes).
    Removing stm32f4xx_hal_tim_ex.o(i.HAL_TIMEx_PWMN_Stop_IT), (122 bytes).
    Removing stm32f4xx_hal_tim_ex.o(i.HAL_TIMEx_RemapConfig), (28 bytes).
    Removing stm32f4xx_hal_tim_ex.o(i.TIMEx_DMACommutationCplt), (16 bytes).
    Removing stm32f4xx_hal_tim_ex.o(i.TIMEx_DMACommutationHalfCplt), (16 bytes).
    Removing stm32f4xx_hal_tim_ex.o(i.TIM_CCxNChannelCmd), (26 bytes).
    Removing stm32f4xx_hal_uart.o(.rev16_text), (4 bytes).
    Removing stm32f4xx_hal_uart.o(.revsh_text), (4 bytes).
    Removing stm32f4xx_hal_uart.o(.rrx_text), (6 bytes).
    Removing stm32f4xx_hal_uart.o(i.HAL_HalfDuplex_EnableReceiver), (50 bytes).
    Removing stm32f4xx_hal_uart.o(i.HAL_HalfDuplex_EnableTransmitter), (50 bytes).
    Removing stm32f4xx_hal_uart.o(i.HAL_HalfDuplex_Init), (108 bytes).
    Removing stm32f4xx_hal_uart.o(i.HAL_LIN_Init), (128 bytes).
    Removing stm32f4xx_hal_uart.o(i.HAL_LIN_SendBreak), (46 bytes).
    Removing stm32f4xx_hal_uart.o(i.HAL_MultiProcessor_EnterMuteMode), (46 bytes).
    Removing stm32f4xx_hal_uart.o(i.HAL_MultiProcessor_ExitMuteMode), (46 bytes).
    Removing stm32f4xx_hal_uart.o(i.HAL_MultiProcessor_Init), (142 bytes).
    Removing stm32f4xx_hal_uart.o(i.HAL_UART_Abort), (138 bytes).
    Removing stm32f4xx_hal_uart.o(i.HAL_UART_AbortCpltCallback), (2 bytes).
    Removing stm32f4xx_hal_uart.o(i.HAL_UART_AbortReceive), (88 bytes).
    Removing stm32f4xx_hal_uart.o(i.HAL_UART_AbortReceiveCpltCallback), (2 bytes).
    Removing stm32f4xx_hal_uart.o(i.HAL_UART_AbortReceive_IT), (92 bytes).
    Removing stm32f4xx_hal_uart.o(i.HAL_UART_AbortTransmit), (78 bytes).
    Removing stm32f4xx_hal_uart.o(i.HAL_UART_AbortTransmitCpltCallback), (2 bytes).
    Removing stm32f4xx_hal_uart.o(i.HAL_UART_AbortTransmit_IT), (84 bytes).
    Removing stm32f4xx_hal_uart.o(i.HAL_UART_Abort_IT), (172 bytes).
    Removing stm32f4xx_hal_uart.o(i.HAL_UART_DMAPause), (102 bytes).
    Removing stm32f4xx_hal_uart.o(i.HAL_UART_DMAResume), (94 bytes).
    Removing stm32f4xx_hal_uart.o(i.HAL_UART_DMAStop), (88 bytes).
    Removing stm32f4xx_hal_uart.o(i.HAL_UART_DeInit), (50 bytes).
    Removing stm32f4xx_hal_uart.o(i.HAL_UART_GetError), (4 bytes).
    Removing stm32f4xx_hal_uart.o(i.HAL_UART_GetState), (10 bytes).
    Removing stm32f4xx_hal_uart.o(i.HAL_UART_MspDeInit), (2 bytes).
    Removing stm32f4xx_hal_uart.o(i.HAL_UART_MspInit), (2 bytes).
    Removing stm32f4xx_hal_uart.o(i.HAL_UART_Receive), (190 bytes).
    Removing stm32f4xx_hal_uart.o(i.HAL_UART_Receive_DMA), (152 bytes).
    Removing stm32f4xx_hal_uart.o(i.HAL_UART_Receive_IT), (82 bytes).
    Removing stm32f4xx_hal_uart.o(i.HAL_UART_RxHalfCpltCallback), (2 bytes).
    Removing stm32f4xx_hal_uart.o(i.HAL_UART_Transmit), (186 bytes).
    Removing stm32f4xx_hal_uart.o(i.HAL_UART_Transmit_IT), (62 bytes).
    Removing stm32f4xx_hal_uart.o(i.UART_DMAReceiveCplt), (60 bytes).
    Removing stm32f4xx_hal_uart.o(i.UART_DMARxAbortCallback), (42 bytes).
    Removing stm32f4xx_hal_uart.o(i.UART_DMARxHalfCplt), (10 bytes).
    Removing stm32f4xx_hal_uart.o(i.UART_DMARxOnlyAbortCallback), (20 bytes).
    Removing stm32f4xx_hal_uart.o(i.UART_DMATxAbortCallback), (42 bytes).
    Removing stm32f4xx_hal_uart.o(i.UART_DMATxOnlyAbortCallback), (20 bytes).
    Removing stm32f4xx_hal_uart.o(i.UART_WaitOnFlagUntilTimeout), (100 bytes).
    Removing system_stm32f4xx.o(.rev16_text), (4 bytes).
    Removing system_stm32f4xx.o(.revsh_text), (4 bytes).
    Removing system_stm32f4xx.o(.rrx_text), (6 bytes).
    Removing system_stm32f4xx.o(i.SystemCoreClockUpdate), (124 bytes).
    Removing bsp_can.o(.rev16_text), (4 bytes).
    Removing bsp_can.o(.revsh_text), (4 bytes).
    Removing bsp_can.o(.rrx_text), (6 bytes).
    Removing bsp_can.o(i.CAN_Transmit), (28 bytes).
    Removing bsp_can.o(.bss), (40 bytes).
    Removing bsp_can.o(.data), (6 bytes).
    Removing bsp_can.o(.data), (6 bytes).
    Removing m2006_motor.o(.rev16_text), (4 bytes).
    Removing m2006_motor.o(.revsh_text), (4 bytes).
    Removing m2006_motor.o(.rrx_text), (6 bytes).
    Removing m2006_motor.o(i.Chassis_M2006_getInfo), (2 bytes).
    Removing m2006_motor.o(i.M2006_getInfo), (216 bytes).
    Removing m2006_motor.o(i.M2006_setCurrent), (64 bytes).
    Removing m2006_motor.o(.bss), (224 bytes).
    Removing m2006_motor.o(.bss), (224 bytes).
    Removing m2006_motor.o(.bss), (224 bytes).
    Removing m2006_motor.o(.bss), (224 bytes).
    Removing m2006_motor.o(.data), (16 bytes).
    Removing pid.o(.rev16_text), (4 bytes).
    Removing pid.o(.revsh_text), (4 bytes).
    Removing pid.o(.rrx_text), (6 bytes).
    Removing pid.o(i.IncrementalPID_paraReset), (56 bytes).
    Removing pid.o(i.IncrementalPID_setPara), (32 bytes).
    Removing pid.o(i.Incremental_PID), (176 bytes).
    Removing pid.o(i.PositionPID_Clear), (24 bytes).
    Removing pid.o(i.PositionPID_setPara), (32 bytes).
    Removing gm6020_motor.o(.rev16_text), (4 bytes).
    Removing gm6020_motor.o(.revsh_text), (4 bytes).
    Removing gm6020_motor.o(.rrx_text), (6 bytes).
    Removing dr16_recive.o(.rev16_text), (4 bytes).
    Removing dr16_recive.o(.revsh_text), (4 bytes).
    Removing dr16_recive.o(.rrx_text), (6 bytes).
    Removing dr16_recive.o(.data), (2 bytes).
    Removing dr16_recive.o(.data), (2 bytes).
    Removing anotc.o(.rev16_text), (4 bytes).
    Removing anotc.o(.revsh_text), (4 bytes).
    Removing anotc.o(.rrx_text), (6 bytes).
    Removing anotc.o(.bss), (42 bytes).
    Removing control.o(.rev16_text), (4 bytes).
    Removing control.o(.revsh_text), (4 bytes).
    Removing control.o(.rrx_text), (6 bytes).
    Removing control.o(i.my_2006_control), (156 bytes).
    Removing control.o(.data), (4 bytes).
    Removing control.o(.data), (4 bytes).
    Removing ano.o(.rev16_text), (4 bytes).
    Removing ano.o(.revsh_text), (4 bytes).
    Removing ano.o(.rrx_text), (6 bytes).
    Removing ano.o(i.ANO_Send_Data_Init), (32 bytes).
    Removing ano.o(i.ANO_Send_Data_V1), (80 bytes).
    Removing ano.o(i.ANO_Send_Data_V2), (84 bytes).
    Removing ano.o(i.ANO_Send_Data_V3), (84 bytes).
    Removing ano.o(i.ANO_Send_Data_V4), (188 bytes).
    Removing ano.o(.bss), (100 bytes).

508 unused section(s) (total 29108 bytes) removed from the image.

==============================================================================

Image Symbol Table

    Local Symbols

    Symbol Name                              Value     Ov Type        Size  Object(Section)

    ../Core/Src/can.c                        0x00000000   Number         0  can.o ABSOLUTE
    ../Core/Src/dma.c                        0x00000000   Number         0  dma.o ABSOLUTE
    ../Core/Src/gpio.c                       0x00000000   Number         0  gpio.o ABSOLUTE
    ../Core/Src/main.c                       0x00000000   Number         0  main.o ABSOLUTE
    ../Core/Src/stm32f4xx_hal_msp.c          0x00000000   Number         0  stm32f4xx_hal_msp.o ABSOLUTE
    ../Core/Src/stm32f4xx_it.c               0x00000000   Number         0  stm32f4xx_it.o ABSOLUTE
    ../Core/Src/system_stm32f4xx.c           0x00000000   Number         0  system_stm32f4xx.o ABSOLUTE
    ../Core/Src/tim.c                        0x00000000   Number         0  tim.o ABSOLUTE
    ../Core/Src/usart.c                      0x00000000   Number         0  usart.o ABSOLUTE
    ../Drivers/STM32F4xx_HAL_Driver/Src/stm32f4xx_hal.c 0x00000000   Number         0  stm32f4xx_hal.o ABSOLUTE
    ../Drivers/STM32F4xx_HAL_Driver/Src/stm32f4xx_hal_can.c 0x00000000   Number         0  stm32f4xx_hal_can.o ABSOLUTE
    ../Drivers/STM32F4xx_HAL_Driver/Src/stm32f4xx_hal_cortex.c 0x00000000   Number         0  stm32f4xx_hal_cortex.o ABSOLUTE
    ../Drivers/STM32F4xx_HAL_Driver/Src/stm32f4xx_hal_dma.c 0x00000000   Number         0  stm32f4xx_hal_dma.o ABSOLUTE
    ../Drivers/STM32F4xx_HAL_Driver/Src/stm32f4xx_hal_dma_ex.c 0x00000000   Number         0  stm32f4xx_hal_dma_ex.o ABSOLUTE
    ../Drivers/STM32F4xx_HAL_Driver/Src/stm32f4xx_hal_exti.c 0x00000000   Number         0  stm32f4xx_hal_exti.o ABSOLUTE
    ../Drivers/STM32F4xx_HAL_Driver/Src/stm32f4xx_hal_flash.c 0x00000000   Number         0  stm32f4xx_hal_flash.o ABSOLUTE
    ../Drivers/STM32F4xx_HAL_Driver/Src/stm32f4xx_hal_flash_ex.c 0x00000000   Number         0  stm32f4xx_hal_flash_ex.o ABSOLUTE
    ../Drivers/STM32F4xx_HAL_Driver/Src/stm32f4xx_hal_flash_ramfunc.c 0x00000000   Number         0  stm32f4xx_hal_flash_ramfunc.o ABSOLUTE
    ../Drivers/STM32F4xx_HAL_Driver/Src/stm32f4xx_hal_gpio.c 0x00000000   Number         0  stm32f4xx_hal_gpio.o ABSOLUTE
    ../Drivers/STM32F4xx_HAL_Driver/Src/stm32f4xx_hal_pwr.c 0x00000000   Number         0  stm32f4xx_hal_pwr.o ABSOLUTE
    ../Drivers/STM32F4xx_HAL_Driver/Src/stm32f4xx_hal_pwr_ex.c 0x00000000   Number         0  stm32f4xx_hal_pwr_ex.o ABSOLUTE
    ../Drivers/STM32F4xx_HAL_Driver/Src/stm32f4xx_hal_rcc.c 0x00000000   Number         0  stm32f4xx_hal_rcc.o ABSOLUTE
    ../Drivers/STM32F4xx_HAL_Driver/Src/stm32f4xx_hal_rcc_ex.c 0x00000000   Number         0  stm32f4xx_hal_rcc_ex.o ABSOLUTE
    ../Drivers/STM32F4xx_HAL_Driver/Src/stm32f4xx_hal_tim.c 0x00000000   Number         0  stm32f4xx_hal_tim.o ABSOLUTE
    ../Drivers/STM32F4xx_HAL_Driver/Src/stm32f4xx_hal_tim_ex.c 0x00000000   Number         0  stm32f4xx_hal_tim_ex.o ABSOLUTE
    ../Drivers/STM32F4xx_HAL_Driver/Src/stm32f4xx_hal_uart.c 0x00000000   Number         0  stm32f4xx_hal_uart.o ABSOLUTE
    ../clib/microlib/division.c              0x00000000   Number         0  uldiv.o ABSOLUTE
    ../clib/microlib/init/entry.s            0x00000000   Number         0  entry9b.o ABSOLUTE
    ../clib/microlib/init/entry.s            0x00000000   Number         0  entry9a.o ABSOLUTE
    ../clib/microlib/init/entry.s            0x00000000   Number         0  entry8b.o ABSOLUTE
    ../clib/microlib/init/entry.s            0x00000000   Number         0  entry8a.o ABSOLUTE
    ../clib/microlib/init/entry.s            0x00000000   Number         0  entry7a.o ABSOLUTE
    ../clib/microlib/init/entry.s            0x00000000   Number         0  entry5.o ABSOLUTE
    ../clib/microlib/init/entry.s            0x00000000   Number         0  entry7b.o ABSOLUTE
    ../clib/microlib/init/entry.s            0x00000000   Number         0  entry.o ABSOLUTE
    ../clib/microlib/init/entry.s            0x00000000   Number         0  entry10b.o ABSOLUTE
    ../clib/microlib/init/entry.s            0x00000000   Number         0  entry2.o ABSOLUTE
    ../clib/microlib/init/entry.s            0x00000000   Number         0  entry11b.o ABSOLUTE
    ../clib/microlib/init/entry.s            0x00000000   Number         0  entry11a.o ABSOLUTE
    ../clib/microlib/init/entry.s            0x00000000   Number         0  entry10a.o ABSOLUTE
    ../clib/microlib/longlong.c              0x00000000   Number         0  llsshr.o ABSOLUTE
    ../clib/microlib/longlong.c              0x00000000   Number         0  llushr.o ABSOLUTE
    ../clib/microlib/longlong.c              0x00000000   Number         0  llshl.o ABSOLUTE
    ../clib/microlib/string/memcpy.c         0x00000000   Number         0  memcpya.o ABSOLUTE
    ../clib/microlib/string/memcpy.c         0x00000000   Number         0  memcpyb.o ABSOLUTE
    ../clib/microlib/string/memset.c         0x00000000   Number         0  memseta.o ABSOLUTE
    ../clib/microlib/string/strlen.c         0x00000000   Number         0  strlen.o ABSOLUTE
    ../clib/microlib/stubs.s                 0x00000000   Number         0  iusefp.o ABSOLUTE
    ../fplib/microlib/fpadd.c                0x00000000   Number         0  dadd.o ABSOLUTE
    ../fplib/microlib/fpdiv.c                0x00000000   Number         0  ddiv.o ABSOLUTE
    ../fplib/microlib/fpepilogue.c           0x00000000   Number         0  depilogue.o ABSOLUTE
    ../fplib/microlib/fpfix.c                0x00000000   Number         0  dfixi.o ABSOLUTE
    ../fplib/microlib/fpflt.c                0x00000000   Number         0  dflti.o ABSOLUTE
    ../fplib/microlib/fpmul.c                0x00000000   Number         0  dmul.o ABSOLUTE
    ..\APP\ANO.c                             0x00000000   Number         0  ano.o ABSOLUTE
    ..\APP\CONTROL.c                         0x00000000   Number         0  control.o ABSOLUTE
    ..\Core\Src\Debug.c                      0x00000000   Number         0  debug.o ABSOLUTE
    ..\Core\Src\Debug_DataScope.C            0x00000000   Number         0  debug_datascope.o ABSOLUTE
    ..\Core\Src\can.c                        0x00000000   Number         0  can.o ABSOLUTE
    ..\Core\Src\dma.c                        0x00000000   Number         0  dma.o ABSOLUTE
    ..\Core\Src\gpio.c                       0x00000000   Number         0  gpio.o ABSOLUTE
    ..\Core\Src\main.c                       0x00000000   Number         0  main.o ABSOLUTE
    ..\Core\Src\stm32f4xx_hal_msp.c          0x00000000   Number         0  stm32f4xx_hal_msp.o ABSOLUTE
    ..\Core\Src\stm32f4xx_it.c               0x00000000   Number         0  stm32f4xx_it.o ABSOLUTE
    ..\Core\Src\system_stm32f4xx.c           0x00000000   Number         0  system_stm32f4xx.o ABSOLUTE
    ..\Core\Src\tim.c                        0x00000000   Number         0  tim.o ABSOLUTE
    ..\Core\Src\usart.c                      0x00000000   Number         0  usart.o ABSOLUTE
    ..\Drivers\STM32F4xx_HAL_Driver\Src\stm32f4xx_hal.c 0x00000000   Number         0  stm32f4xx_hal.o ABSOLUTE
    ..\Drivers\STM32F4xx_HAL_Driver\Src\stm32f4xx_hal_can.c 0x00000000   Number         0  stm32f4xx_hal_can.o ABSOLUTE
    ..\Drivers\STM32F4xx_HAL_Driver\Src\stm32f4xx_hal_cortex.c 0x00000000   Number         0  stm32f4xx_hal_cortex.o ABSOLUTE
    ..\Drivers\STM32F4xx_HAL_Driver\Src\stm32f4xx_hal_dma.c 0x00000000   Number         0  stm32f4xx_hal_dma.o ABSOLUTE
    ..\Drivers\STM32F4xx_HAL_Driver\Src\stm32f4xx_hal_dma_ex.c 0x00000000   Number         0  stm32f4xx_hal_dma_ex.o ABSOLUTE
    ..\Drivers\STM32F4xx_HAL_Driver\Src\stm32f4xx_hal_exti.c 0x00000000   Number         0  stm32f4xx_hal_exti.o ABSOLUTE
    ..\Drivers\STM32F4xx_HAL_Driver\Src\stm32f4xx_hal_flash.c 0x00000000   Number         0  stm32f4xx_hal_flash.o ABSOLUTE
    ..\Drivers\STM32F4xx_HAL_Driver\Src\stm32f4xx_hal_flash_ex.c 0x00000000   Number         0  stm32f4xx_hal_flash_ex.o ABSOLUTE
    ..\Drivers\STM32F4xx_HAL_Driver\Src\stm32f4xx_hal_flash_ramfunc.c 0x00000000   Number         0  stm32f4xx_hal_flash_ramfunc.o ABSOLUTE
    ..\Drivers\STM32F4xx_HAL_Driver\Src\stm32f4xx_hal_gpio.c 0x00000000   Number         0  stm32f4xx_hal_gpio.o ABSOLUTE
    ..\Drivers\STM32F4xx_HAL_Driver\Src\stm32f4xx_hal_pwr.c 0x00000000   Number         0  stm32f4xx_hal_pwr.o ABSOLUTE
    ..\Drivers\STM32F4xx_HAL_Driver\Src\stm32f4xx_hal_pwr_ex.c 0x00000000   Number         0  stm32f4xx_hal_pwr_ex.o ABSOLUTE
    ..\Drivers\STM32F4xx_HAL_Driver\Src\stm32f4xx_hal_rcc.c 0x00000000   Number         0  stm32f4xx_hal_rcc.o ABSOLUTE
    ..\Drivers\STM32F4xx_HAL_Driver\Src\stm32f4xx_hal_rcc_ex.c 0x00000000   Number         0  stm32f4xx_hal_rcc_ex.o ABSOLUTE
    ..\Drivers\STM32F4xx_HAL_Driver\Src\stm32f4xx_hal_tim.c 0x00000000   Number         0  stm32f4xx_hal_tim.o ABSOLUTE
    ..\Drivers\STM32F4xx_HAL_Driver\Src\stm32f4xx_hal_tim_ex.c 0x00000000   Number         0  stm32f4xx_hal_tim_ex.o ABSOLUTE
    ..\Drivers\STM32F4xx_HAL_Driver\Src\stm32f4xx_hal_uart.c 0x00000000   Number         0  stm32f4xx_hal_uart.o ABSOLUTE
    ..\\APP\\ANO.c                           0x00000000   Number         0  ano.o ABSOLUTE
    ..\\APP\\CONTROL.c                       0x00000000   Number         0  control.o ABSOLUTE
    ..\\Core\\Src\\Debug.c                   0x00000000   Number         0  debug.o ABSOLUTE
    ..\\Core\\Src\\Debug_DataScope.C         0x00000000   Number         0  debug_datascope.o ABSOLUTE
    ..\\bsp\\BSP_CAN.c                       0x00000000   Number         0  bsp_can.o ABSOLUTE
    ..\\bsp\\DR16_RECIVE.c                   0x00000000   Number         0  dr16_recive.o ABSOLUTE
    ..\\bsp\\GM6020_Motor.c                  0x00000000   Number         0  gm6020_motor.o ABSOLUTE
    ..\\bsp\\M2006_Motor.c                   0x00000000   Number         0  m2006_motor.o ABSOLUTE
    ..\\bsp\\PID.c                           0x00000000   Number         0  pid.o ABSOLUTE
    ..\\bsp\\anotc.c                         0x00000000   Number         0  anotc.o ABSOLUTE
    ..\bsp\BSP_CAN.c                         0x00000000   Number         0  bsp_can.o ABSOLUTE
    ..\bsp\DR16_RECIVE.c                     0x00000000   Number         0  dr16_recive.o ABSOLUTE
    ..\bsp\GM6020_Motor.c                    0x00000000   Number         0  gm6020_motor.o ABSOLUTE
    ..\bsp\M2006_Motor.c                     0x00000000   Number         0  m2006_motor.o ABSOLUTE
    ..\bsp\PID.c                             0x00000000   Number         0  pid.o ABSOLUTE
    ..\bsp\anotc.c                           0x00000000   Number         0  anotc.o ABSOLUTE
    dc.s                                     0x00000000   Number         0  dc.o ABSOLUTE
    handlers.s                               0x00000000   Number         0  handlers.o ABSOLUTE
    init.s                                   0x00000000   Number         0  init.o ABSOLUTE
    startup_stm32f427xx.s                    0x00000000   Number         0  startup_stm32f427xx.o ABSOLUTE
    RESET                                    0x08000000   Section      428  startup_stm32f427xx.o(RESET)
    .ARM.Collect$$$$00000000                 0x080001ac   Section        0  entry.o(.ARM.Collect$$$$00000000)
    .ARM.Collect$$$$00000001                 0x080001ac   Section        4  entry2.o(.ARM.Collect$$$$00000001)
    .ARM.Collect$$$$00000004                 0x080001b0   Section        4  entry5.o(.ARM.Collect$$$$00000004)
    .ARM.Collect$$$$00000008                 0x080001b4   Section        0  entry7b.o(.ARM.Collect$$$$00000008)
    .ARM.Collect$$$$0000000A                 0x080001b4   Section        0  entry8b.o(.ARM.Collect$$$$0000000A)
    .ARM.Collect$$$$0000000B                 0x080001b4   Section        8  entry9a.o(.ARM.Collect$$$$0000000B)
    .ARM.Collect$$$$0000000D                 0x080001bc   Section        0  entry10a.o(.ARM.Collect$$$$0000000D)
    .ARM.Collect$$$$0000000F                 0x080001bc   Section        0  entry11a.o(.ARM.Collect$$$$0000000F)
    .ARM.Collect$$$$00002712                 0x080001bc   Section        4  entry2.o(.ARM.Collect$$$$00002712)
    __lit__00000000                          0x080001bc   Data           4  entry2.o(.ARM.Collect$$$$00002712)
    .text                                    0x080001c0   Section       36  startup_stm32f427xx.o(.text)
    $v0                                      0x080001c0   Number         0  startup_stm32f427xx.o(.text)
    .text                                    0x080001e4   Section        0  uldiv.o(.text)
    .text                                    0x08000246   Section        0  memcpya.o(.text)
    .text                                    0x0800026a   Section        0  memseta.o(.text)
    .text                                    0x0800028e   Section        0  strlen.o(.text)
    .text                                    0x0800029c   Section        0  dadd.o(.text)
    .text                                    0x080003ea   Section        0  dmul.o(.text)
    .text                                    0x080004ce   Section        0  ddiv.o(.text)
    .text                                    0x080005ac   Section        0  dflti.o(.text)
    .text                                    0x080005ce   Section        0  dfixi.o(.text)
    .text                                    0x0800060c   Section        0  llshl.o(.text)
    .text                                    0x0800062a   Section        0  llushr.o(.text)
    .text                                    0x0800064a   Section        0  llsshr.o(.text)
    .text                                    0x0800066e   Section        0  depilogue.o(.text)
    .text                                    0x0800066e   Section        0  iusefp.o(.text)
    .text                                    0x08000728   Section       36  init.o(.text)
    i.BusFault_Handler                       0x0800074c   Section        0  stm32f4xx_it.o(i.BusFault_Handler)
    i.CAN1_FILTER_Init                       0x08000750   Section        0  bsp_can.o(i.CAN1_FILTER_Init)
    i.CAN1_IT_Init                           0x08000780   Section        0  bsp_can.o(i.CAN1_IT_Init)
    i.CAN1_RX0_IRQHandler                    0x080007b8   Section        0  stm32f4xx_it.o(i.CAN1_RX0_IRQHandler)
    i.CAN_SendData                           0x08000814   Section        0  bsp_can.o(i.CAN_SendData)
    i.DMA2_Stream1_IRQHandler                0x08000840   Section        0  stm32f4xx_it.o(i.DMA2_Stream1_IRQHandler)
    i.DMA2_Stream2_IRQHandler                0x0800084c   Section        0  stm32f4xx_it.o(i.DMA2_Stream2_IRQHandler)
    i.DMA2_Stream6_IRQHandler                0x08000858   Section        0  stm32f4xx_it.o(i.DMA2_Stream6_IRQHandler)
    i.DMA_CalcBaseAndBitshift                0x08000864   Section        0  stm32f4xx_hal_dma.o(i.DMA_CalcBaseAndBitshift)
    DMA_CalcBaseAndBitshift                  0x08000865   Thumb Code    34  stm32f4xx_hal_dma.o(i.DMA_CalcBaseAndBitshift)
    i.DMA_CheckFifoParam                     0x0800088c   Section        0  stm32f4xx_hal_dma.o(i.DMA_CheckFifoParam)
    DMA_CheckFifoParam                       0x0800088d   Thumb Code    84  stm32f4xx_hal_dma.o(i.DMA_CheckFifoParam)
    i.DMA_SetConfig                          0x080008e0   Section        0  stm32f4xx_hal_dma.o(i.DMA_SetConfig)
    DMA_SetConfig                            0x080008e1   Thumb Code    40  stm32f4xx_hal_dma.o(i.DMA_SetConfig)
    i.DR16_Process                           0x08000908   Section        0  dr16_recive.o(i.DR16_Process)
    i.DR_16hander                            0x08000a6c   Section        0  dr16_recive.o(i.DR_16hander)
    i.DebugMon_Handler                       0x08000ac0   Section        0  stm32f4xx_it.o(i.DebugMon_Handler)
    i.Debug_DecodeFrame                      0x08000ac4   Section        0  debug.o(i.Debug_DecodeFrame)
    i.Debug_RegisterVar                      0x08000bb8   Section        0  debug.o(i.Debug_RegisterVar)
    i.Debug_addData                          0x08000be0   Section        0  debug_datascope.o(i.Debug_addData)
    i.Error_Handler                          0x08000c38   Section        0  main.o(i.Error_Handler)
    i.Float2Byte                             0x08000c3a   Section        0  debug_datascope.o(i.Float2Byte)
    i.GM6020_setCurrent                      0x08000c50   Section        0  gm6020_motor.o(i.GM6020_setCurrent)
    i.HAL_CAN_AddTxMessage                   0x08000c90   Section        0  stm32f4xx_hal_can.o(i.HAL_CAN_AddTxMessage)
    i.HAL_CAN_ConfigFilter                   0x08000d58   Section        0  stm32f4xx_hal_can.o(i.HAL_CAN_ConfigFilter)
    i.HAL_CAN_GetRxMessage                   0x08000e64   Section        0  stm32f4xx_hal_can.o(i.HAL_CAN_GetRxMessage)
    i.HAL_CAN_Init                           0x08000f4c   Section        0  stm32f4xx_hal_can.o(i.HAL_CAN_Init)
    i.HAL_CAN_MspInit                        0x08001068   Section        0  can.o(i.HAL_CAN_MspInit)
    i.HAL_CAN_Start                          0x080010e0   Section        0  stm32f4xx_hal_can.o(i.HAL_CAN_Start)
    i.HAL_DMA_Abort_IT                       0x08001138   Section        0  stm32f4xx_hal_dma.o(i.HAL_DMA_Abort_IT)
    i.HAL_DMA_IRQHandler                     0x0800115c   Section        0  stm32f4xx_hal_dma.o(i.HAL_DMA_IRQHandler)
    i.HAL_DMA_Init                           0x080012fc   Section        0  stm32f4xx_hal_dma.o(i.HAL_DMA_Init)
    i.HAL_DMA_Start                          0x080013d0   Section        0  stm32f4xx_hal_dma.o(i.HAL_DMA_Start)
    i.HAL_DMA_Start_IT                       0x08001416   Section        0  stm32f4xx_hal_dma.o(i.HAL_DMA_Start_IT)
    i.HAL_Delay                              0x08001484   Section        0  stm32f4xx_hal.o(i.HAL_Delay)
    i.HAL_GPIO_Init                          0x080014a8   Section        0  stm32f4xx_hal_gpio.o(i.HAL_GPIO_Init)
    i.HAL_GetTick                            0x0800167c   Section        0  stm32f4xx_hal.o(i.HAL_GetTick)
    i.HAL_IncTick                            0x08001688   Section        0  stm32f4xx_hal.o(i.HAL_IncTick)
    i.HAL_Init                               0x08001698   Section        0  stm32f4xx_hal.o(i.HAL_Init)
    i.HAL_InitTick                           0x080016cc   Section        0  stm32f4xx_hal.o(i.HAL_InitTick)
    i.HAL_MspInit                            0x0800170c   Section        0  stm32f4xx_hal_msp.o(i.HAL_MspInit)
    i.HAL_NVIC_EnableIRQ                     0x0800173c   Section        0  stm32f4xx_hal_cortex.o(i.HAL_NVIC_EnableIRQ)
    i.HAL_NVIC_SetPriority                   0x08001758   Section        0  stm32f4xx_hal_cortex.o(i.HAL_NVIC_SetPriority)
    i.HAL_NVIC_SetPriorityGrouping           0x08001798   Section        0  stm32f4xx_hal_cortex.o(i.HAL_NVIC_SetPriorityGrouping)
    i.HAL_RCC_ClockConfig                    0x080017bc   Section        0  stm32f4xx_hal_rcc.o(i.HAL_RCC_ClockConfig)
    i.HAL_RCC_GetPCLK1Freq                   0x080018f0   Section        0  stm32f4xx_hal_rcc.o(i.HAL_RCC_GetPCLK1Freq)
    i.HAL_RCC_GetPCLK2Freq                   0x08001910   Section        0  stm32f4xx_hal_rcc.o(i.HAL_RCC_GetPCLK2Freq)
    i.HAL_RCC_GetSysClockFreq                0x08001930   Section        0  stm32f4xx_hal_rcc.o(i.HAL_RCC_GetSysClockFreq)
    i.HAL_RCC_OscConfig                      0x08001994   Section        0  stm32f4xx_hal_rcc.o(i.HAL_RCC_OscConfig)
    i.HAL_SYSTICK_Config                     0x08001cf0   Section        0  stm32f4xx_hal_cortex.o(i.HAL_SYSTICK_Config)
    i.HAL_TIMEx_BreakCallback                0x08001d18   Section        0  stm32f4xx_hal_tim_ex.o(i.HAL_TIMEx_BreakCallback)
    i.HAL_TIMEx_CommutCallback               0x08001d1a   Section        0  stm32f4xx_hal_tim_ex.o(i.HAL_TIMEx_CommutCallback)
    i.HAL_TIMEx_MasterConfigSynchronization  0x08001d1c   Section        0  stm32f4xx_hal_tim_ex.o(i.HAL_TIMEx_MasterConfigSynchronization)
    i.HAL_TIM_Base_Init                      0x08001dac   Section        0  stm32f4xx_hal_tim.o(i.HAL_TIM_Base_Init)
    i.HAL_TIM_Base_MspInit                   0x08001de4   Section        0  tim.o(i.HAL_TIM_Base_MspInit)
    i.HAL_TIM_Base_Start_IT                  0x08001e20   Section        0  stm32f4xx_hal_tim.o(i.HAL_TIM_Base_Start_IT)
    i.HAL_TIM_IC_CaptureCallback             0x08001e42   Section        0  stm32f4xx_hal_tim.o(i.HAL_TIM_IC_CaptureCallback)
    i.HAL_TIM_IRQHandler                     0x08001e44   Section        0  stm32f4xx_hal_tim.o(i.HAL_TIM_IRQHandler)
    i.HAL_TIM_OC_DelayElapsedCallback        0x08001faa   Section        0  stm32f4xx_hal_tim.o(i.HAL_TIM_OC_DelayElapsedCallback)
    i.HAL_TIM_PWM_PulseFinishedCallback      0x08001fac   Section        0  stm32f4xx_hal_tim.o(i.HAL_TIM_PWM_PulseFinishedCallback)
    i.HAL_TIM_PeriodElapsedCallback          0x08001fb0   Section        0  stm32f4xx_it.o(i.HAL_TIM_PeriodElapsedCallback)
    i.HAL_TIM_TriggerCallback                0x08001fdc   Section        0  stm32f4xx_hal_tim.o(i.HAL_TIM_TriggerCallback)
    i.HAL_UART_ErrorCallback                 0x08001fde   Section        0  stm32f4xx_hal_uart.o(i.HAL_UART_ErrorCallback)
    i.HAL_UART_IRQHandler                    0x08001fe0   Section        0  stm32f4xx_hal_uart.o(i.HAL_UART_IRQHandler)
    i.HAL_UART_Init                          0x080020f4   Section        0  stm32f4xx_hal_uart.o(i.HAL_UART_Init)
    i.HAL_UART_MspInit                       0x08002158   Section        0  usart.o(i.HAL_UART_MspInit)
    i.HAL_UART_RxCpltCallback                0x08002340   Section        0  stm32f4xx_hal_uart.o(i.HAL_UART_RxCpltCallback)
    i.HAL_UART_Transmit_DMA                  0x08002344   Section        0  stm32f4xx_hal_uart.o(i.HAL_UART_Transmit_DMA)
    i.HAL_UART_TxCpltCallback                0x080023c4   Section        0  stm32f4xx_hal_uart.o(i.HAL_UART_TxCpltCallback)
    i.HAL_UART_TxHalfCpltCallback            0x080023c6   Section        0  stm32f4xx_hal_uart.o(i.HAL_UART_TxHalfCpltCallback)
    i.HardFault_Handler                      0x080023c8   Section        0  stm32f4xx_it.o(i.HardFault_Handler)
    i.MX_CAN1_Init                           0x080023cc   Section        0  can.o(i.MX_CAN1_Init)
    i.MX_DMA_Init                            0x08002410   Section        0  dma.o(i.MX_DMA_Init)
    i.MX_GPIO_Init                           0x0800245c   Section        0  gpio.o(i.MX_GPIO_Init)
    i.MX_TIM7_Init                           0x080024c8   Section        0  tim.o(i.MX_TIM7_Init)
    i.MX_UART7_Init                          0x08002510   Section        0  usart.o(i.MX_UART7_Init)
    i.MX_USART1_UART_Init                    0x08002548   Section        0  usart.o(i.MX_USART1_UART_Init)
    i.MX_USART6_UART_Init                    0x08002584   Section        0  usart.o(i.MX_USART6_UART_Init)
    i.MY_M6020_getInfo                       0x080025bc   Section        0  gm6020_motor.o(i.MY_M6020_getInfo)
    i.MemManage_Handler                      0x08002638   Section        0  stm32f4xx_it.o(i.MemManage_Handler)
    i.NMI_Handler                            0x0800263a   Section        0  stm32f4xx_it.o(i.NMI_Handler)
    i.NM_swj                                 0x0800263c   Section        0  dr16_recive.o(i.NM_swj)
    i.NM_swj2                                0x080026e8   Section        0  dr16_recive.o(i.NM_swj2)
    i.PendSV_Handler                         0x080027a0   Section        0  stm32f4xx_it.o(i.PendSV_Handler)
    i.PositionPID_paraReset                  0x080027a2   Section        0  pid.o(i.PositionPID_paraReset)
    i.Position_PID                           0x080027b0   Section        0  pid.o(i.Position_PID)
    i.SVC_Handler                            0x08002864   Section        0  stm32f4xx_it.o(i.SVC_Handler)
    i.SysTick_Handler                        0x08002866   Section        0  stm32f4xx_it.o(i.SysTick_Handler)
    i.SystemClock_Config                     0x0800286c   Section        0  main.o(i.SystemClock_Config)
    i.SystemInit                             0x080028f0   Section        0  system_stm32f4xx.o(i.SystemInit)
    i.TIM7_IRQHandler                        0x08002900   Section        0  stm32f4xx_it.o(i.TIM7_IRQHandler)
    i.TIM_Base_SetConfig                     0x0800290c   Section        0  stm32f4xx_hal_tim.o(i.TIM_Base_SetConfig)
    i.UART_DMAAbortOnError                   0x080029d4   Section        0  stm32f4xx_hal_uart.o(i.UART_DMAAbortOnError)
    UART_DMAAbortOnError                     0x080029d5   Thumb Code    16  stm32f4xx_hal_uart.o(i.UART_DMAAbortOnError)
    i.UART_DMAError                          0x080029e4   Section        0  stm32f4xx_hal_uart.o(i.UART_DMAError)
    UART_DMAError                            0x080029e5   Thumb Code    74  stm32f4xx_hal_uart.o(i.UART_DMAError)
    i.UART_DMATransmitCplt                   0x08002a2e   Section        0  stm32f4xx_hal_uart.o(i.UART_DMATransmitCplt)
    UART_DMATransmitCplt                     0x08002a2f   Thumb Code    46  stm32f4xx_hal_uart.o(i.UART_DMATransmitCplt)
    i.UART_DMATxHalfCplt                     0x08002a5c   Section        0  stm32f4xx_hal_uart.o(i.UART_DMATxHalfCplt)
    UART_DMATxHalfCplt                       0x08002a5d   Thumb Code    10  stm32f4xx_hal_uart.o(i.UART_DMATxHalfCplt)
    i.UART_EndRxTransfer                     0x08002a66   Section        0  stm32f4xx_hal_uart.o(i.UART_EndRxTransfer)
    UART_EndRxTransfer                       0x08002a67   Thumb Code    28  stm32f4xx_hal_uart.o(i.UART_EndRxTransfer)
    i.UART_EndTxTransfer                     0x08002a82   Section        0  stm32f4xx_hal_uart.o(i.UART_EndTxTransfer)
    UART_EndTxTransfer                       0x08002a83   Thumb Code    18  stm32f4xx_hal_uart.o(i.UART_EndTxTransfer)
    i.UART_Receive_IT                        0x08002a94   Section        0  stm32f4xx_hal_uart.o(i.UART_Receive_IT)
    UART_Receive_IT                          0x08002a95   Thumb Code   150  stm32f4xx_hal_uart.o(i.UART_Receive_IT)
    i.UART_SetConfig                         0x08002b2c   Section        0  stm32f4xx_hal_uart.o(i.UART_SetConfig)
    UART_SetConfig                           0x08002b2d   Thumb Code   286  stm32f4xx_hal_uart.o(i.UART_SetConfig)
    i.UART_Transmit_IT                       0x08002c54   Section        0  stm32f4xx_hal_uart.o(i.UART_Transmit_IT)
    UART_Transmit_IT                         0x08002c55   Thumb Code    98  stm32f4xx_hal_uart.o(i.UART_Transmit_IT)
    i.USART1_IRQHandler                      0x08002cb8   Section        0  stm32f4xx_it.o(i.USART1_IRQHandler)
    i.USART6_IRQHandler                      0x08002cc4   Section        0  stm32f4xx_it.o(i.USART6_IRQHandler)
    i.UsageFault_Handler                     0x08002d30   Section        0  stm32f4xx_it.o(i.UsageFault_Handler)
    i.__NVIC_SetPriority                     0x08002d32   Section        0  stm32f4xx_hal_cortex.o(i.__NVIC_SetPriority)
    __NVIC_SetPriority                       0x08002d33   Thumb Code    32  stm32f4xx_hal_cortex.o(i.__NVIC_SetPriority)
    i.__scatterload_copy                     0x08002d52   Section       14  handlers.o(i.__scatterload_copy)
    i.__scatterload_null                     0x08002d60   Section        2  handlers.o(i.__scatterload_null)
    i.__scatterload_zeroinit                 0x08002d62   Section       14  handlers.o(i.__scatterload_zeroinit)
    i.abs_limit                              0x08002d70   Section        0  pid.o(i.abs_limit)
    i.main                                   0x08002d9c   Section        0  main.o(i.main)
    i.my_6020_control                        0x08002ed4   Section        0  control.o(i.my_6020_control)
    i.usart1_dr16_init                       0x08002f80   Section        0  dr16_recive.o(i.usart1_dr16_init)
    .constdata                               0x08002fd4   Section       96  debug.o(.constdata)
    .constdata                               0x08003034   Section        8  stm32f4xx_hal_dma.o(.constdata)
    flagBitshiftOffset                       0x08003034   Data           8  stm32f4xx_hal_dma.o(.constdata)
    .constdata                               0x0800303c   Section       16  system_stm32f4xx.o(.constdata)
    .constdata                               0x0800304c   Section        8  system_stm32f4xx.o(.constdata)
    .data                                    0x20000000   Section        1  debug.o(.data)
    .data                                    0x20000004   Section        4  main.o(.data)
    .data                                    0x20000008   Section       32  main.o(.data)
    .data                                    0x20000028   Section        4  main.o(.data)
    .data                                    0x2000002c   Section        4  main.o(.data)
    .data                                    0x20000030   Section        4  main.o(.data)
    .data                                    0x20000034   Section        4  main.o(.data)
    .data                                    0x20000038   Section        2  stm32f4xx_it.o(.data)
    debugopen                                0x20000038   Data           1  stm32f4xx_it.o(.data)
    rxCnt                                    0x20000039   Data           1  stm32f4xx_it.o(.data)
    .data                                    0x2000003c   Section       12  stm32f4xx_hal.o(.data)
    .data                                    0x20000048   Section        4  system_stm32f4xx.o(.data)
    .data                                    0x2000004c   Section        4  pid.o(.data)
    .data                                    0x20000050   Section       44  dr16_recive.o(.data)
    .data                                    0x2000007c   Section        8  control.o(.data)
    .bss                                     0x20000084   Section      260  debug.o(.bss)
    txBuf                                    0x20000084   Data          20  debug.o(.bss)
    .bss                                     0x20000188   Section       42  debug_datascope.o(.bss)
    .bss                                     0x200001b4   Section       40  can.o(.bss)
    .bss                                     0x200001dc   Section       64  tim.o(.bss)
    .bss                                     0x2000021c   Section      480  usart.o(.bss)
    .bss                                     0x200003fc   Section       30  stm32f4xx_it.o(.bss)
    rxBuf                                    0x200003fc   Data          30  stm32f4xx_it.o(.bss)
    .bss                                     0x2000041c   Section       64  bsp_can.o(.bss)
    .bss                                     0x2000045c   Section      224  m2006_motor.o(.bss)
    .bss                                     0x2000053c   Section       96  gm6020_motor.o(.bss)
    .bss                                     0x2000059c   Section       72  dr16_recive.o(.bss)
    .bss                                     0x200005e4   Section      120  control.o(.bss)
    STACK                                    0x20000660   Section     1024  startup_stm32f427xx.o(STACK)

    Global Symbols

    Symbol Name                              Value     Ov Type        Size  Object(Section)

    BuildAttributes$$THM_ISAv4$E$P$D$K$B$S$7EM$VFPi3$EXTD16$VFPS$VFMA$PE$A:L22UL41UL21$X:L11$S22US41US21$IEEE1$IW$USESV6$~STKCKD$USESV7$~SHL$OSPACE$ROPI$EBA8$MICROLIB$REQ8$PRES8$EABIv2 0x00000000   Number         0  anon$$obj.o ABSOLUTE
    __ARM_use_no_argv                        0x00000000   Number         0  main.o ABSOLUTE
    __cpp_initialize__aeabi_                  - Undefined Weak Reference
    __cxa_finalize                            - Undefined Weak Reference
    __decompress                              - Undefined Weak Reference
    _clock_init                               - Undefined Weak Reference
    _microlib_exit                            - Undefined Weak Reference
    __Vectors_Size                           0x000001ac   Number         0  startup_stm32f427xx.o ABSOLUTE
    __Vectors                                0x08000000   Data           4  startup_stm32f427xx.o(RESET)
    __Vectors_End                            0x080001ac   Data           0  startup_stm32f427xx.o(RESET)
    __main                                   0x080001ad   Thumb Code     0  entry.o(.ARM.Collect$$$$00000000)
    _main_stk                                0x080001ad   Thumb Code     0  entry2.o(.ARM.Collect$$$$00000001)
    _main_scatterload                        0x080001b1   Thumb Code     0  entry5.o(.ARM.Collect$$$$00000004)
    __main_after_scatterload                 0x080001b5   Thumb Code     0  entry5.o(.ARM.Collect$$$$00000004)
    _main_clock                              0x080001b5   Thumb Code     0  entry7b.o(.ARM.Collect$$$$00000008)
    _main_cpp_init                           0x080001b5   Thumb Code     0  entry8b.o(.ARM.Collect$$$$0000000A)
    _main_init                               0x080001b5   Thumb Code     0  entry9a.o(.ARM.Collect$$$$0000000B)
    __rt_final_cpp                           0x080001bd   Thumb Code     0  entry10a.o(.ARM.Collect$$$$0000000D)
    __rt_final_exit                          0x080001bd   Thumb Code     0  entry11a.o(.ARM.Collect$$$$0000000F)
    Reset_Handler                            0x080001c1   Thumb Code     8  startup_stm32f427xx.o(.text)
    ADC_IRQHandler                           0x080001db   Thumb Code     0  startup_stm32f427xx.o(.text)
    CAN1_RX1_IRQHandler                      0x080001db   Thumb Code     0  startup_stm32f427xx.o(.text)
    CAN1_SCE_IRQHandler                      0x080001db   Thumb Code     0  startup_stm32f427xx.o(.text)
    CAN1_TX_IRQHandler                       0x080001db   Thumb Code     0  startup_stm32f427xx.o(.text)
    CAN2_RX0_IRQHandler                      0x080001db   Thumb Code     0  startup_stm32f427xx.o(.text)
    CAN2_RX1_IRQHandler                      0x080001db   Thumb Code     0  startup_stm32f427xx.o(.text)
    CAN2_SCE_IRQHandler                      0x080001db   Thumb Code     0  startup_stm32f427xx.o(.text)
    CAN2_TX_IRQHandler                       0x080001db   Thumb Code     0  startup_stm32f427xx.o(.text)
    DCMI_IRQHandler                          0x080001db   Thumb Code     0  startup_stm32f427xx.o(.text)
    DMA1_Stream0_IRQHandler                  0x080001db   Thumb Code     0  startup_stm32f427xx.o(.text)
    DMA1_Stream1_IRQHandler                  0x080001db   Thumb Code     0  startup_stm32f427xx.o(.text)
    DMA1_Stream2_IRQHandler                  0x080001db   Thumb Code     0  startup_stm32f427xx.o(.text)
    DMA1_Stream3_IRQHandler                  0x080001db   Thumb Code     0  startup_stm32f427xx.o(.text)
    DMA1_Stream4_IRQHandler                  0x080001db   Thumb Code     0  startup_stm32f427xx.o(.text)
    DMA1_Stream5_IRQHandler                  0x080001db   Thumb Code     0  startup_stm32f427xx.o(.text)
    DMA1_Stream6_IRQHandler                  0x080001db   Thumb Code     0  startup_stm32f427xx.o(.text)
    DMA1_Stream7_IRQHandler                  0x080001db   Thumb Code     0  startup_stm32f427xx.o(.text)
    DMA2D_IRQHandler                         0x080001db   Thumb Code     0  startup_stm32f427xx.o(.text)
    DMA2_Stream0_IRQHandler                  0x080001db   Thumb Code     0  startup_stm32f427xx.o(.text)
    DMA2_Stream3_IRQHandler                  0x080001db   Thumb Code     0  startup_stm32f427xx.o(.text)
    DMA2_Stream4_IRQHandler                  0x080001db   Thumb Code     0  startup_stm32f427xx.o(.text)
    DMA2_Stream5_IRQHandler                  0x080001db   Thumb Code     0  startup_stm32f427xx.o(.text)
    DMA2_Stream7_IRQHandler                  0x080001db   Thumb Code     0  startup_stm32f427xx.o(.text)
    ETH_IRQHandler                           0x080001db   Thumb Code     0  startup_stm32f427xx.o(.text)
    ETH_WKUP_IRQHandler                      0x080001db   Thumb Code     0  startup_stm32f427xx.o(.text)
    EXTI0_IRQHandler                         0x080001db   Thumb Code     0  startup_stm32f427xx.o(.text)
    EXTI15_10_IRQHandler                     0x080001db   Thumb Code     0  startup_stm32f427xx.o(.text)
    EXTI1_IRQHandler                         0x080001db   Thumb Code     0  startup_stm32f427xx.o(.text)
    EXTI2_IRQHandler                         0x080001db   Thumb Code     0  startup_stm32f427xx.o(.text)
    EXTI3_IRQHandler                         0x080001db   Thumb Code     0  startup_stm32f427xx.o(.text)
    EXTI4_IRQHandler                         0x080001db   Thumb Code     0  startup_stm32f427xx.o(.text)
    EXTI9_5_IRQHandler                       0x080001db   Thumb Code     0  startup_stm32f427xx.o(.text)
    FLASH_IRQHandler                         0x080001db   Thumb Code     0  startup_stm32f427xx.o(.text)
    FMC_IRQHandler                           0x080001db   Thumb Code     0  startup_stm32f427xx.o(.text)
    FPU_IRQHandler                           0x080001db   Thumb Code     0  startup_stm32f427xx.o(.text)
    HASH_RNG_IRQHandler                      0x080001db   Thumb Code     0  startup_stm32f427xx.o(.text)
    I2C1_ER_IRQHandler                       0x080001db   Thumb Code     0  startup_stm32f427xx.o(.text)
    I2C1_EV_IRQHandler                       0x080001db   Thumb Code     0  startup_stm32f427xx.o(.text)
    I2C2_ER_IRQHandler                       0x080001db   Thumb Code     0  startup_stm32f427xx.o(.text)
    I2C2_EV_IRQHandler                       0x080001db   Thumb Code     0  startup_stm32f427xx.o(.text)
    I2C3_ER_IRQHandler                       0x080001db   Thumb Code     0  startup_stm32f427xx.o(.text)
    I2C3_EV_IRQHandler                       0x080001db   Thumb Code     0  startup_stm32f427xx.o(.text)
    OTG_FS_IRQHandler                        0x080001db   Thumb Code     0  startup_stm32f427xx.o(.text)
    OTG_FS_WKUP_IRQHandler                   0x080001db   Thumb Code     0  startup_stm32f427xx.o(.text)
    OTG_HS_EP1_IN_IRQHandler                 0x080001db   Thumb Code     0  startup_stm32f427xx.o(.text)
    OTG_HS_EP1_OUT_IRQHandler                0x080001db   Thumb Code     0  startup_stm32f427xx.o(.text)
    OTG_HS_IRQHandler                        0x080001db   Thumb Code     0  startup_stm32f427xx.o(.text)
    OTG_HS_WKUP_IRQHandler                   0x080001db   Thumb Code     0  startup_stm32f427xx.o(.text)
    PVD_IRQHandler                           0x080001db   Thumb Code     0  startup_stm32f427xx.o(.text)
    RCC_IRQHandler                           0x080001db   Thumb Code     0  startup_stm32f427xx.o(.text)
    RTC_Alarm_IRQHandler                     0x080001db   Thumb Code     0  startup_stm32f427xx.o(.text)
    RTC_WKUP_IRQHandler                      0x080001db   Thumb Code     0  startup_stm32f427xx.o(.text)
    SAI1_IRQHandler                          0x080001db   Thumb Code     0  startup_stm32f427xx.o(.text)
    SDIO_IRQHandler                          0x080001db   Thumb Code     0  startup_stm32f427xx.o(.text)
    SPI1_IRQHandler                          0x080001db   Thumb Code     0  startup_stm32f427xx.o(.text)
    SPI2_IRQHandler                          0x080001db   Thumb Code     0  startup_stm32f427xx.o(.text)
    SPI3_IRQHandler                          0x080001db   Thumb Code     0  startup_stm32f427xx.o(.text)
    SPI4_IRQHandler                          0x080001db   Thumb Code     0  startup_stm32f427xx.o(.text)
    SPI5_IRQHandler                          0x080001db   Thumb Code     0  startup_stm32f427xx.o(.text)
    SPI6_IRQHandler                          0x080001db   Thumb Code     0  startup_stm32f427xx.o(.text)
    TAMP_STAMP_IRQHandler                    0x080001db   Thumb Code     0  startup_stm32f427xx.o(.text)
    TIM1_BRK_TIM9_IRQHandler                 0x080001db   Thumb Code     0  startup_stm32f427xx.o(.text)
    TIM1_CC_IRQHandler                       0x080001db   Thumb Code     0  startup_stm32f427xx.o(.text)
    TIM1_TRG_COM_TIM11_IRQHandler            0x080001db   Thumb Code     0  startup_stm32f427xx.o(.text)
    TIM1_UP_TIM10_IRQHandler                 0x080001db   Thumb Code     0  startup_stm32f427xx.o(.text)
    TIM2_IRQHandler                          0x080001db   Thumb Code     0  startup_stm32f427xx.o(.text)
    TIM3_IRQHandler                          0x080001db   Thumb Code     0  startup_stm32f427xx.o(.text)
    TIM4_IRQHandler                          0x080001db   Thumb Code     0  startup_stm32f427xx.o(.text)
    TIM5_IRQHandler                          0x080001db   Thumb Code     0  startup_stm32f427xx.o(.text)
    TIM6_DAC_IRQHandler                      0x080001db   Thumb Code     0  startup_stm32f427xx.o(.text)
    TIM8_BRK_TIM12_IRQHandler                0x080001db   Thumb Code     0  startup_stm32f427xx.o(.text)
    TIM8_CC_IRQHandler                       0x080001db   Thumb Code     0  startup_stm32f427xx.o(.text)
    TIM8_TRG_COM_TIM14_IRQHandler            0x080001db   Thumb Code     0  startup_stm32f427xx.o(.text)
    TIM8_UP_TIM13_IRQHandler                 0x080001db   Thumb Code     0  startup_stm32f427xx.o(.text)
    UART4_IRQHandler                         0x080001db   Thumb Code     0  startup_stm32f427xx.o(.text)
    UART5_IRQHandler                         0x080001db   Thumb Code     0  startup_stm32f427xx.o(.text)
    UART7_IRQHandler                         0x080001db   Thumb Code     0  startup_stm32f427xx.o(.text)
    UART8_IRQHandler                         0x080001db   Thumb Code     0  startup_stm32f427xx.o(.text)
    USART2_IRQHandler                        0x080001db   Thumb Code     0  startup_stm32f427xx.o(.text)
    USART3_IRQHandler                        0x080001db   Thumb Code     0  startup_stm32f427xx.o(.text)
    WWDG_IRQHandler                          0x080001db   Thumb Code     0  startup_stm32f427xx.o(.text)
    __aeabi_uldivmod                         0x080001e5   Thumb Code    98  uldiv.o(.text)
    __aeabi_memcpy                           0x08000247   Thumb Code    36  memcpya.o(.text)
    __aeabi_memcpy4                          0x08000247   Thumb Code     0  memcpya.o(.text)
    __aeabi_memcpy8                          0x08000247   Thumb Code     0  memcpya.o(.text)
    __aeabi_memset                           0x0800026b   Thumb Code    14  memseta.o(.text)
    __aeabi_memset4                          0x0800026b   Thumb Code     0  memseta.o(.text)
    __aeabi_memset8                          0x0800026b   Thumb Code     0  memseta.o(.text)
    __aeabi_memclr                           0x08000279   Thumb Code     4  memseta.o(.text)
    __aeabi_memclr4                          0x08000279   Thumb Code     0  memseta.o(.text)
    __aeabi_memclr8                          0x08000279   Thumb Code     0  memseta.o(.text)
    _memset$wrapper                          0x0800027d   Thumb Code    18  memseta.o(.text)
    strlen                                   0x0800028f   Thumb Code    14  strlen.o(.text)
    __aeabi_dadd                             0x0800029d   Thumb Code   322  dadd.o(.text)
    __aeabi_dsub                             0x080003df   Thumb Code     6  dadd.o(.text)
    __aeabi_drsub                            0x080003e5   Thumb Code     6  dadd.o(.text)
    __aeabi_dmul                             0x080003eb   Thumb Code   228  dmul.o(.text)
    __aeabi_ddiv                             0x080004cf   Thumb Code   222  ddiv.o(.text)
    __aeabi_i2d                              0x080005ad   Thumb Code    34  dflti.o(.text)
    __aeabi_d2iz                             0x080005cf   Thumb Code    62  dfixi.o(.text)
    __aeabi_llsl                             0x0800060d   Thumb Code    30  llshl.o(.text)
    _ll_shift_l                              0x0800060d   Thumb Code     0  llshl.o(.text)
    __aeabi_llsr                             0x0800062b   Thumb Code    32  llushr.o(.text)
    _ll_ushift_r                             0x0800062b   Thumb Code     0  llushr.o(.text)
    __aeabi_lasr                             0x0800064b   Thumb Code    36  llsshr.o(.text)
    _ll_sshift_r                             0x0800064b   Thumb Code     0  llsshr.o(.text)
    __I$use$fp                               0x0800066f   Thumb Code     0  iusefp.o(.text)
    _double_round                            0x0800066f   Thumb Code    30  depilogue.o(.text)
    _double_epilogue                         0x0800068d   Thumb Code   156  depilogue.o(.text)
    __scatterload                            0x08000729   Thumb Code    28  init.o(.text)
    __scatterload_rt2                        0x08000729   Thumb Code     0  init.o(.text)
    BusFault_Handler                         0x0800074d   Thumb Code     2  stm32f4xx_it.o(i.BusFault_Handler)
    CAN1_FILTER_Init                         0x08000751   Thumb Code    42  bsp_can.o(i.CAN1_FILTER_Init)
    CAN1_IT_Init                             0x08000781   Thumb Code    46  bsp_can.o(i.CAN1_IT_Init)
    CAN1_RX0_IRQHandler                      0x080007b9   Thumb Code    82  stm32f4xx_it.o(i.CAN1_RX0_IRQHandler)
    CAN_SendData                             0x08000815   Thumb Code    40  bsp_can.o(i.CAN_SendData)
    DMA2_Stream1_IRQHandler                  0x08000841   Thumb Code     6  stm32f4xx_it.o(i.DMA2_Stream1_IRQHandler)
    DMA2_Stream2_IRQHandler                  0x0800084d   Thumb Code     6  stm32f4xx_it.o(i.DMA2_Stream2_IRQHandler)
    DMA2_Stream6_IRQHandler                  0x08000859   Thumb Code     6  stm32f4xx_it.o(i.DMA2_Stream6_IRQHandler)
    DR16_Process                             0x08000909   Thumb Code   324  dr16_recive.o(i.DR16_Process)
    DR_16hander                              0x08000a6d   Thumb Code    76  dr16_recive.o(i.DR_16hander)
    DebugMon_Handler                         0x08000ac1   Thumb Code     2  stm32f4xx_it.o(i.DebugMon_Handler)
    Debug_DecodeFrame                        0x08000ac5   Thumb Code   228  debug.o(i.Debug_DecodeFrame)
    Debug_RegisterVar                        0x08000bb9   Thumb Code    30  debug.o(i.Debug_RegisterVar)
    Debug_addData                            0x08000be1   Thumb Code    82  debug_datascope.o(i.Debug_addData)
    Error_Handler                            0x08000c39   Thumb Code     2  main.o(i.Error_Handler)
    Float2Byte                               0x08000c3b   Thumb Code    20  debug_datascope.o(i.Float2Byte)
    GM6020_setCurrent                        0x08000c51   Thumb Code    58  gm6020_motor.o(i.GM6020_setCurrent)
    HAL_CAN_AddTxMessage                     0x08000c91   Thumb Code   200  stm32f4xx_hal_can.o(i.HAL_CAN_AddTxMessage)
    HAL_CAN_ConfigFilter                     0x08000d59   Thumb Code   262  stm32f4xx_hal_can.o(i.HAL_CAN_ConfigFilter)
    HAL_CAN_GetRxMessage                     0x08000e65   Thumb Code   232  stm32f4xx_hal_can.o(i.HAL_CAN_GetRxMessage)
    HAL_CAN_Init                             0x08000f4d   Thumb Code   282  stm32f4xx_hal_can.o(i.HAL_CAN_Init)
    HAL_CAN_MspInit                          0x08001069   Thumb Code   106  can.o(i.HAL_CAN_MspInit)
    HAL_CAN_Start                            0x080010e1   Thumb Code    88  stm32f4xx_hal_can.o(i.HAL_CAN_Start)
    HAL_DMA_Abort_IT                         0x08001139   Thumb Code    36  stm32f4xx_hal_dma.o(i.HAL_DMA_Abort_IT)
    HAL_DMA_IRQHandler                       0x0800115d   Thumb Code   412  stm32f4xx_hal_dma.o(i.HAL_DMA_IRQHandler)
    HAL_DMA_Init                             0x080012fd   Thumb Code   206  stm32f4xx_hal_dma.o(i.HAL_DMA_Init)
    HAL_DMA_Start                            0x080013d1   Thumb Code    70  stm32f4xx_hal_dma.o(i.HAL_DMA_Start)
    HAL_DMA_Start_IT                         0x08001417   Thumb Code   110  stm32f4xx_hal_dma.o(i.HAL_DMA_Start_IT)
    HAL_Delay                                0x08001485   Thumb Code    32  stm32f4xx_hal.o(i.HAL_Delay)
    HAL_GPIO_Init                            0x080014a9   Thumb Code   414  stm32f4xx_hal_gpio.o(i.HAL_GPIO_Init)
    HAL_GetTick                              0x0800167d   Thumb Code     6  stm32f4xx_hal.o(i.HAL_GetTick)
    HAL_IncTick                              0x08001689   Thumb Code    12  stm32f4xx_hal.o(i.HAL_IncTick)
    HAL_Init                                 0x08001699   Thumb Code    48  stm32f4xx_hal.o(i.HAL_Init)
    HAL_InitTick                             0x080016cd   Thumb Code    54  stm32f4xx_hal.o(i.HAL_InitTick)
    HAL_MspInit                              0x0800170d   Thumb Code    42  stm32f4xx_hal_msp.o(i.HAL_MspInit)
    HAL_NVIC_EnableIRQ                       0x0800173d   Thumb Code    26  stm32f4xx_hal_cortex.o(i.HAL_NVIC_EnableIRQ)
    HAL_NVIC_SetPriority                     0x08001759   Thumb Code    60  stm32f4xx_hal_cortex.o(i.HAL_NVIC_SetPriority)
    HAL_NVIC_SetPriorityGrouping             0x08001799   Thumb Code    26  stm32f4xx_hal_cortex.o(i.HAL_NVIC_SetPriorityGrouping)
    HAL_RCC_ClockConfig                      0x080017bd   Thumb Code   288  stm32f4xx_hal_rcc.o(i.HAL_RCC_ClockConfig)
    HAL_RCC_GetPCLK1Freq                     0x080018f1   Thumb Code    20  stm32f4xx_hal_rcc.o(i.HAL_RCC_GetPCLK1Freq)
    HAL_RCC_GetPCLK2Freq                     0x08001911   Thumb Code    20  stm32f4xx_hal_rcc.o(i.HAL_RCC_GetPCLK2Freq)
    HAL_RCC_GetSysClockFreq                  0x08001931   Thumb Code    88  stm32f4xx_hal_rcc.o(i.HAL_RCC_GetSysClockFreq)
    HAL_RCC_OscConfig                        0x08001995   Thumb Code   840  stm32f4xx_hal_rcc.o(i.HAL_RCC_OscConfig)
    HAL_SYSTICK_Config                       0x08001cf1   Thumb Code    40  stm32f4xx_hal_cortex.o(i.HAL_SYSTICK_Config)
    HAL_TIMEx_BreakCallback                  0x08001d19   Thumb Code     2  stm32f4xx_hal_tim_ex.o(i.HAL_TIMEx_BreakCallback)
    HAL_TIMEx_CommutCallback                 0x08001d1b   Thumb Code     2  stm32f4xx_hal_tim_ex.o(i.HAL_TIMEx_CommutCallback)
    HAL_TIMEx_MasterConfigSynchronization    0x08001d1d   Thumb Code   116  stm32f4xx_hal_tim_ex.o(i.HAL_TIMEx_MasterConfigSynchronization)
    HAL_TIM_Base_Init                        0x08001dad   Thumb Code    54  stm32f4xx_hal_tim.o(i.HAL_TIM_Base_Init)
    HAL_TIM_Base_MspInit                     0x08001de5   Thumb Code    50  tim.o(i.HAL_TIM_Base_MspInit)
    HAL_TIM_Base_Start_IT                    0x08001e21   Thumb Code    34  stm32f4xx_hal_tim.o(i.HAL_TIM_Base_Start_IT)
    HAL_TIM_IC_CaptureCallback               0x08001e43   Thumb Code     2  stm32f4xx_hal_tim.o(i.HAL_TIM_IC_CaptureCallback)
    HAL_TIM_IRQHandler                       0x08001e45   Thumb Code   358  stm32f4xx_hal_tim.o(i.HAL_TIM_IRQHandler)
    HAL_TIM_OC_DelayElapsedCallback          0x08001fab   Thumb Code     2  stm32f4xx_hal_tim.o(i.HAL_TIM_OC_DelayElapsedCallback)
    HAL_TIM_PWM_PulseFinishedCallback        0x08001fad   Thumb Code     2  stm32f4xx_hal_tim.o(i.HAL_TIM_PWM_PulseFinishedCallback)
    HAL_TIM_PeriodElapsedCallback            0x08001fb1   Thumb Code    30  stm32f4xx_it.o(i.HAL_TIM_PeriodElapsedCallback)
    HAL_TIM_TriggerCallback                  0x08001fdd   Thumb Code     2  stm32f4xx_hal_tim.o(i.HAL_TIM_TriggerCallback)
    HAL_UART_ErrorCallback                   0x08001fdf   Thumb Code     2  stm32f4xx_hal_uart.o(i.HAL_UART_ErrorCallback)
    HAL_UART_IRQHandler                      0x08001fe1   Thumb Code   270  stm32f4xx_hal_uart.o(i.HAL_UART_IRQHandler)
    HAL_UART_Init                            0x080020f5   Thumb Code    98  stm32f4xx_hal_uart.o(i.HAL_UART_Init)
    HAL_UART_MspInit                         0x08002159   Thumb Code   448  usart.o(i.HAL_UART_MspInit)
    HAL_UART_RxCpltCallback                  0x08002341   Thumb Code     2  stm32f4xx_hal_uart.o(i.HAL_UART_RxCpltCallback)
    HAL_UART_Transmit_DMA                    0x08002345   Thumb Code   114  stm32f4xx_hal_uart.o(i.HAL_UART_Transmit_DMA)
    HAL_UART_TxCpltCallback                  0x080023c5   Thumb Code     2  stm32f4xx_hal_uart.o(i.HAL_UART_TxCpltCallback)
    HAL_UART_TxHalfCpltCallback              0x080023c7   Thumb Code     2  stm32f4xx_hal_uart.o(i.HAL_UART_TxHalfCpltCallback)
    HardFault_Handler                        0x080023c9   Thumb Code     2  stm32f4xx_it.o(i.HardFault_Handler)
    MX_CAN1_Init                             0x080023cd   Thumb Code    60  can.o(i.MX_CAN1_Init)
    MX_DMA_Init                              0x08002411   Thumb Code    72  dma.o(i.MX_DMA_Init)
    MX_GPIO_Init                             0x0800245d   Thumb Code   102  gpio.o(i.MX_GPIO_Init)
    MX_TIM7_Init                             0x080024c9   Thumb Code    62  tim.o(i.MX_TIM7_Init)
    MX_UART7_Init                            0x08002511   Thumb Code    48  usart.o(i.MX_UART7_Init)
    MX_USART1_UART_Init                      0x08002549   Thumb Code    46  usart.o(i.MX_USART1_UART_Init)
    MX_USART6_UART_Init                      0x08002585   Thumb Code    48  usart.o(i.MX_USART6_UART_Init)
    MY_M6020_getInfo                         0x080025bd   Thumb Code   116  gm6020_motor.o(i.MY_M6020_getInfo)
    MemManage_Handler                        0x08002639   Thumb Code     2  stm32f4xx_it.o(i.MemManage_Handler)
    NMI_Handler                              0x0800263b   Thumb Code     2  stm32f4xx_it.o(i.NMI_Handler)
    NM_swj                                   0x0800263d   Thumb Code   148  dr16_recive.o(i.NM_swj)
    NM_swj2                                  0x080026e9   Thumb Code   164  dr16_recive.o(i.NM_swj2)
    PendSV_Handler                           0x080027a1   Thumb Code     2  stm32f4xx_it.o(i.PendSV_Handler)
    PositionPID_paraReset                    0x080027a3   Thumb Code    12  pid.o(i.PositionPID_paraReset)
    Position_PID                             0x080027b1   Thumb Code   168  pid.o(i.Position_PID)
    SVC_Handler                              0x08002865   Thumb Code     2  stm32f4xx_it.o(i.SVC_Handler)
    SysTick_Handler                          0x08002867   Thumb Code     4  stm32f4xx_it.o(i.SysTick_Handler)
    SystemClock_Config                       0x0800286d   Thumb Code   124  main.o(i.SystemClock_Config)
    SystemInit                               0x080028f1   Thumb Code    12  system_stm32f4xx.o(i.SystemInit)
    TIM7_IRQHandler                          0x08002901   Thumb Code     6  stm32f4xx_it.o(i.TIM7_IRQHandler)
    TIM_Base_SetConfig                       0x0800290d   Thumb Code   156  stm32f4xx_hal_tim.o(i.TIM_Base_SetConfig)
    USART1_IRQHandler                        0x08002cb9   Thumb Code     6  stm32f4xx_it.o(i.USART1_IRQHandler)
    USART6_IRQHandler                        0x08002cc5   Thumb Code    90  stm32f4xx_it.o(i.USART6_IRQHandler)
    UsageFault_Handler                       0x08002d31   Thumb Code     2  stm32f4xx_it.o(i.UsageFault_Handler)
    __scatterload_copy                       0x08002d53   Thumb Code    14  handlers.o(i.__scatterload_copy)
    __scatterload_null                       0x08002d61   Thumb Code     2  handlers.o(i.__scatterload_null)
    __scatterload_zeroinit                   0x08002d63   Thumb Code    14  handlers.o(i.__scatterload_zeroinit)
    abs_limit                                0x08002d71   Thumb Code    42  pid.o(i.abs_limit)
    main                                     0x08002d9d   Thumb Code   268  main.o(i.main)
    my_6020_control                          0x08002ed5   Thumb Code   136  control.o(i.my_6020_control)
    usart1_dr16_init                         0x08002f81   Thumb Code    74  dr16_recive.o(i.usart1_dr16_init)
    AHBPrescTable                            0x0800303c   Data          16  system_stm32f4xx.o(.constdata)
    APBPrescTable                            0x0800304c   Data           8  system_stm32f4xx.o(.constdata)
    Region$$Table$$Base                      0x08003054   Number         0  anon$$obj.o(Region$$Table)
    Region$$Table$$Limit                     0x08003074   Number         0  anon$$obj.o(Region$$Table)
    varNum                                   0x20000000   Data           1  debug.o(.data)
    can1zdcs                                 0x20000004   Data           4  main.o(.data)
    minibalencedebug                         0x20000008   Data           4  main.o(.data)
    mubiaosudu3                              0x2000000c   Data           4  main.o(.data)
    speed_kp                                 0x20000010   Data           4  main.o(.data)
    speed_ki                                 0x20000014   Data           4  main.o(.data)
    speed_kd                                 0x20000018   Data           4  main.o(.data)
    jfxf                                     0x2000001c   Data           4  main.o(.data)
    shijieshij                               0x20000020   Data           4  main.o(.data)
    err_int                                  0x20000024   Data           4  main.o(.data)
    PID_Ki_out                               0x20000028   Data           4  main.o(.data)
    PID_ERR                                  0x2000002c   Data           4  main.o(.data)
    time_every1ms                            0x20000030   Data           4  main.o(.data)
    time_every1s                             0x20000034   Data           4  main.o(.data)
    uwTickFreq                               0x2000003c   Data           1  stm32f4xx_hal.o(.data)
    uwTickPrio                               0x20000040   Data           4  stm32f4xx_hal.o(.data)
    uwTick                                   0x20000044   Data           4  stm32f4xx_hal.o(.data)
    SystemCoreClock                          0x20000048   Data           4  system_stm32f4xx.o(.data)
    Test_I                                   0x2000004c   Data           4  pid.o(.data)
    sumcheck                                 0x20000050   Data           1  dr16_recive.o(.data)
    addcheck                                 0x20000051   Data           1  dr16_recive.o(.data)
    i                                        0x20000052   Data           1  dr16_recive.o(.data)
    data3                                    0x20000054   Data           4  dr16_recive.o(.data)
    data4                                    0x20000058   Data           4  dr16_recive.o(.data)
    DR16                                     0x2000005c   Data          32  dr16_recive.o(.data)
    my_6020_try                              0x2000007c   Data           4  control.o(.data)
    targe_angle                              0x20000080   Data           4  control.o(.data)
    varList                                  0x20000098   Data         240  debug.o(.bss)
    DataScope_OutPut_Buffer                  0x20000188   Data          42  debug_datascope.o(.bss)
    hcan1                                    0x200001b4   Data          40  can.o(.bss)
    htim7                                    0x200001dc   Data          64  tim.o(.bss)
    huart7                                   0x2000021c   Data          64  usart.o(.bss)
    huart1                                   0x2000025c   Data          64  usart.o(.bss)
    huart6                                   0x2000029c   Data          64  usart.o(.bss)
    hdma_usart1_rx                           0x200002dc   Data          96  usart.o(.bss)
    hdma_usart6_tx                           0x2000033c   Data          96  usart.o(.bss)
    hdma_usart6_rx                           0x2000039c   Data          96  usart.o(.bss)
    CAN1_Filter                              0x2000041c   Data          40  bsp_can.o(.bss)
    TxMessage                                0x20000444   Data          24  bsp_can.o(.bss)
    M2006_Reload                             0x2000045c   Data         224  m2006_motor.o(.bss)
    my_6020array                             0x2000053c   Data          96  gm6020_motor.o(.bss)
    DR16Buffer                               0x2000059c   Data          22  dr16_recive.o(.bss)
    testdatatosend                           0x200005b2   Data          50  dr16_recive.o(.bss)
    GM_6020_angle                            0x200005e4   Data          60  control.o(.bss)
    GM_6020_speed                            0x20000620   Data          60  control.o(.bss)
    __initial_sp                             0x20000a60   Data           0  startup_stm32f427xx.o(STACK)



==============================================================================

Memory Map of the image

  Image Entry point : 0x080001ad

  Load Region LR_IROM1 (Base: 0x08000000, Size: 0x000030f8, Max: 0x00200000, ABSOLUTE)

    Execution Region ER_IROM1 (Exec base: 0x08000000, Load base: 0x08000000, Size: 0x00003074, Max: 0x00200000, ABSOLUTE)

    Exec Addr    Load Addr    Size         Type   Attr      Idx    E Section Name        Object

    0x08000000   0x08000000   0x000001ac   Data   RO            3    RESET               startup_stm32f427xx.o
    0x080001ac   0x080001ac   0x00000000   Code   RO         3798  * .ARM.Collect$$$$00000000  mc_w.l(entry.o)
    0x080001ac   0x080001ac   0x00000004   Code   RO         3821    .ARM.Collect$$$$00000001  mc_w.l(entry2.o)
    0x080001b0   0x080001b0   0x00000004   Code   RO         3824    .ARM.Collect$$$$00000004  mc_w.l(entry5.o)
    0x080001b4   0x080001b4   0x00000000   Code   RO         3826    .ARM.Collect$$$$00000008  mc_w.l(entry7b.o)
    0x080001b4   0x080001b4   0x00000000   Code   RO         3828    .ARM.Collect$$$$0000000A  mc_w.l(entry8b.o)
    0x080001b4   0x080001b4   0x00000008   Code   RO         3829    .ARM.Collect$$$$0000000B  mc_w.l(entry9a.o)
    0x080001bc   0x080001bc   0x00000000   Code   RO         3831    .ARM.Collect$$$$0000000D  mc_w.l(entry10a.o)
    0x080001bc   0x080001bc   0x00000000   Code   RO         3833    .ARM.Collect$$$$0000000F  mc_w.l(entry11a.o)
    0x080001bc   0x080001bc   0x00000004   Code   RO         3822    .ARM.Collect$$$$00002712  mc_w.l(entry2.o)
    0x080001c0   0x080001c0   0x00000024   Code   RO            4    .text               startup_stm32f427xx.o
    0x080001e4   0x080001e4   0x00000062   Code   RO         3801    .text               mc_w.l(uldiv.o)
    0x08000246   0x08000246   0x00000024   Code   RO         3803    .text               mc_w.l(memcpya.o)
    0x0800026a   0x0800026a   0x00000024   Code   RO         3805    .text               mc_w.l(memseta.o)
    0x0800028e   0x0800028e   0x0000000e   Code   RO         3807    .text               mc_w.l(strlen.o)
    0x0800029c   0x0800029c   0x0000014e   Code   RO         3811    .text               mf_w.l(dadd.o)
    0x080003ea   0x080003ea   0x000000e4   Code   RO         3813    .text               mf_w.l(dmul.o)
    0x080004ce   0x080004ce   0x000000de   Code   RO         3815    .text               mf_w.l(ddiv.o)
    0x080005ac   0x080005ac   0x00000022   Code   RO         3817    .text               mf_w.l(dflti.o)
    0x080005ce   0x080005ce   0x0000003e   Code   RO         3819    .text               mf_w.l(dfixi.o)
    0x0800060c   0x0800060c   0x0000001e   Code   RO         3835    .text               mc_w.l(llshl.o)
    0x0800062a   0x0800062a   0x00000020   Code   RO         3837    .text               mc_w.l(llushr.o)
    0x0800064a   0x0800064a   0x00000024   Code   RO         3839    .text               mc_w.l(llsshr.o)
    0x0800066e   0x0800066e   0x00000000   Code   RO         3841    .text               mc_w.l(iusefp.o)
    0x0800066e   0x0800066e   0x000000ba   Code   RO         3842    .text               mf_w.l(depilogue.o)
    0x08000728   0x08000728   0x00000024   Code   RO         3844    .text               mc_w.l(init.o)
    0x0800074c   0x0800074c   0x00000002   Code   RO          517    i.BusFault_Handler  stm32f4xx_it.o
    0x0800074e   0x0800074e   0x00000002   PAD
    0x08000750   0x08000750   0x00000030   Code   RO         3411    i.CAN1_FILTER_Init  bsp_can.o
    0x08000780   0x08000780   0x00000038   Code   RO         3412    i.CAN1_IT_Init      bsp_can.o
    0x080007b8   0x080007b8   0x0000005c   Code   RO          518    i.CAN1_RX0_IRQHandler  stm32f4xx_it.o
    0x08000814   0x08000814   0x0000002c   Code   RO         3413    i.CAN_SendData      bsp_can.o
    0x08000840   0x08000840   0x0000000c   Code   RO          519    i.DMA2_Stream1_IRQHandler  stm32f4xx_it.o
    0x0800084c   0x0800084c   0x0000000c   Code   RO          520    i.DMA2_Stream2_IRQHandler  stm32f4xx_it.o
    0x08000858   0x08000858   0x0000000c   Code   RO          521    i.DMA2_Stream6_IRQHandler  stm32f4xx_it.o
    0x08000864   0x08000864   0x00000028   Code   RO         1416    i.DMA_CalcBaseAndBitshift  stm32f4xx_hal_dma.o
    0x0800088c   0x0800088c   0x00000054   Code   RO         1417    i.DMA_CheckFifoParam  stm32f4xx_hal_dma.o
    0x080008e0   0x080008e0   0x00000028   Code   RO         1418    i.DMA_SetConfig     stm32f4xx_hal_dma.o
    0x08000908   0x08000908   0x00000164   Code   RO         3618    i.DR16_Process      dr16_recive.o
    0x08000a6c   0x08000a6c   0x00000054   Code   RO         3619    i.DR_16hander       dr16_recive.o
    0x08000ac0   0x08000ac0   0x00000002   Code   RO          522    i.DebugMon_Handler  stm32f4xx_it.o
    0x08000ac2   0x08000ac2   0x00000002   PAD
    0x08000ac4   0x08000ac4   0x000000f4   Code   RO           13    i.Debug_DecodeFrame  debug.o
    0x08000bb8   0x08000bb8   0x00000028   Code   RO           14    i.Debug_RegisterVar  debug.o
    0x08000be0   0x08000be0   0x00000058   Code   RO          170    i.Debug_addData     debug_datascope.o
    0x08000c38   0x08000c38   0x00000002   Code   RO          225    i.Error_Handler     main.o
    0x08000c3a   0x08000c3a   0x00000014   Code   RO          172    i.Float2Byte        debug_datascope.o
    0x08000c4e   0x08000c4e   0x00000002   PAD
    0x08000c50   0x08000c50   0x00000040   Code   RO         3582    i.GM6020_setCurrent  gm6020_motor.o
    0x08000c90   0x08000c90   0x000000c8   Code   RO          673    i.HAL_CAN_AddTxMessage  stm32f4xx_hal_can.o
    0x08000d58   0x08000d58   0x0000010c   Code   RO          674    i.HAL_CAN_ConfigFilter  stm32f4xx_hal_can.o
    0x08000e64   0x08000e64   0x000000e8   Code   RO          680    i.HAL_CAN_GetRxMessage  stm32f4xx_hal_can.o
    0x08000f4c   0x08000f4c   0x0000011a   Code   RO          685    i.HAL_CAN_Init      stm32f4xx_hal_can.o
    0x08001066   0x08001066   0x00000002   PAD
    0x08001068   0x08001068   0x00000078   Code   RO          356    i.HAL_CAN_MspInit   can.o
    0x080010e0   0x080010e0   0x00000058   Code   RO          697    i.HAL_CAN_Start     stm32f4xx_hal_can.o
    0x08001138   0x08001138   0x00000024   Code   RO         1420    i.HAL_DMA_Abort_IT  stm32f4xx_hal_dma.o
    0x0800115c   0x0800115c   0x000001a0   Code   RO         1424    i.HAL_DMA_IRQHandler  stm32f4xx_hal_dma.o
    0x080012fc   0x080012fc   0x000000d4   Code   RO         1425    i.HAL_DMA_Init      stm32f4xx_hal_dma.o
    0x080013d0   0x080013d0   0x00000046   Code   RO         1428    i.HAL_DMA_Start     stm32f4xx_hal_dma.o
    0x08001416   0x08001416   0x0000006e   Code   RO         1429    i.HAL_DMA_Start_IT  stm32f4xx_hal_dma.o
    0x08001484   0x08001484   0x00000024   Code   RO         1856    i.HAL_Delay         stm32f4xx_hal.o
    0x080014a8   0x080014a8   0x000001d4   Code   RO         1312    i.HAL_GPIO_Init     stm32f4xx_hal_gpio.o
    0x0800167c   0x0800167c   0x0000000c   Code   RO         1864    i.HAL_GetTick       stm32f4xx_hal.o
    0x08001688   0x08001688   0x00000010   Code   RO         1870    i.HAL_IncTick       stm32f4xx_hal.o
    0x08001698   0x08001698   0x00000034   Code   RO         1871    i.HAL_Init          stm32f4xx_hal.o
    0x080016cc   0x080016cc   0x00000040   Code   RO         1872    i.HAL_InitTick      stm32f4xx_hal.o
    0x0800170c   0x0800170c   0x00000030   Code   RO          647    i.HAL_MspInit       stm32f4xx_hal_msp.o
    0x0800173c   0x0800173c   0x0000001a   Code   RO         1719    i.HAL_NVIC_EnableIRQ  stm32f4xx_hal_cortex.o
    0x08001756   0x08001756   0x00000002   PAD
    0x08001758   0x08001758   0x00000040   Code   RO         1725    i.HAL_NVIC_SetPriority  stm32f4xx_hal_cortex.o
    0x08001798   0x08001798   0x00000024   Code   RO         1726    i.HAL_NVIC_SetPriorityGrouping  stm32f4xx_hal_cortex.o
    0x080017bc   0x080017bc   0x00000134   Code   RO          906    i.HAL_RCC_ClockConfig  stm32f4xx_hal_rcc.o
    0x080018f0   0x080018f0   0x00000020   Code   RO          913    i.HAL_RCC_GetPCLK1Freq  stm32f4xx_hal_rcc.o
    0x08001910   0x08001910   0x00000020   Code   RO          914    i.HAL_RCC_GetPCLK2Freq  stm32f4xx_hal_rcc.o
    0x08001930   0x08001930   0x00000064   Code   RO          915    i.HAL_RCC_GetSysClockFreq  stm32f4xx_hal_rcc.o
    0x08001994   0x08001994   0x0000035c   Code   RO          918    i.HAL_RCC_OscConfig  stm32f4xx_hal_rcc.o
    0x08001cf0   0x08001cf0   0x00000028   Code   RO         1730    i.HAL_SYSTICK_Config  stm32f4xx_hal_cortex.o
    0x08001d18   0x08001d18   0x00000002   Code   RO         2796    i.HAL_TIMEx_BreakCallback  stm32f4xx_hal_tim_ex.o
    0x08001d1a   0x08001d1a   0x00000002   Code   RO         2797    i.HAL_TIMEx_CommutCallback  stm32f4xx_hal_tim_ex.o
    0x08001d1c   0x08001d1c   0x00000090   Code   RO         2814    i.HAL_TIMEx_MasterConfigSynchronization  stm32f4xx_hal_tim_ex.o
    0x08001dac   0x08001dac   0x00000036   Code   RO         2121    i.HAL_TIM_Base_Init  stm32f4xx_hal_tim.o
    0x08001de2   0x08001de2   0x00000002   PAD
    0x08001de4   0x08001de4   0x0000003c   Code   RO          422    i.HAL_TIM_Base_MspInit  tim.o
    0x08001e20   0x08001e20   0x00000022   Code   RO         2126    i.HAL_TIM_Base_Start_IT  stm32f4xx_hal_tim.o
    0x08001e42   0x08001e42   0x00000002   Code   RO         2150    i.HAL_TIM_IC_CaptureCallback  stm32f4xx_hal_tim.o
    0x08001e44   0x08001e44   0x00000166   Code   RO         2164    i.HAL_TIM_IRQHandler  stm32f4xx_hal_tim.o
    0x08001faa   0x08001faa   0x00000002   Code   RO         2167    i.HAL_TIM_OC_DelayElapsedCallback  stm32f4xx_hal_tim.o
    0x08001fac   0x08001fac   0x00000002   Code   RO         2194    i.HAL_TIM_PWM_PulseFinishedCallback  stm32f4xx_hal_tim.o
    0x08001fae   0x08001fae   0x00000002   PAD
    0x08001fb0   0x08001fb0   0x0000002c   Code   RO          523    i.HAL_TIM_PeriodElapsedCallback  stm32f4xx_it.o
    0x08001fdc   0x08001fdc   0x00000002   Code   RO         2207    i.HAL_TIM_TriggerCallback  stm32f4xx_hal_tim.o
    0x08001fde   0x08001fde   0x00000002   Code   RO         3068    i.HAL_UART_ErrorCallback  stm32f4xx_hal_uart.o
    0x08001fe0   0x08001fe0   0x00000114   Code   RO         3071    i.HAL_UART_IRQHandler  stm32f4xx_hal_uart.o
    0x080020f4   0x080020f4   0x00000062   Code   RO         3072    i.HAL_UART_Init     stm32f4xx_hal_uart.o
    0x08002156   0x08002156   0x00000002   PAD
    0x08002158   0x08002158   0x000001e8   Code   RO          464    i.HAL_UART_MspInit  usart.o
    0x08002340   0x08002340   0x00000002   Code   RO         3078    i.HAL_UART_RxCpltCallback  stm32f4xx_hal_uart.o
    0x08002342   0x08002342   0x00000002   PAD
    0x08002344   0x08002344   0x00000080   Code   RO         3081    i.HAL_UART_Transmit_DMA  stm32f4xx_hal_uart.o
    0x080023c4   0x080023c4   0x00000002   Code   RO         3083    i.HAL_UART_TxCpltCallback  stm32f4xx_hal_uart.o
    0x080023c6   0x080023c6   0x00000002   Code   RO         3084    i.HAL_UART_TxHalfCpltCallback  stm32f4xx_hal_uart.o
    0x080023c8   0x080023c8   0x00000002   Code   RO          524    i.HardFault_Handler  stm32f4xx_it.o
    0x080023ca   0x080023ca   0x00000002   PAD
    0x080023cc   0x080023cc   0x00000044   Code   RO          357    i.MX_CAN1_Init      can.o
    0x08002410   0x08002410   0x0000004c   Code   RO          397    i.MX_DMA_Init       dma.o
    0x0800245c   0x0800245c   0x0000006c   Code   RO          331    i.MX_GPIO_Init      gpio.o
    0x080024c8   0x080024c8   0x00000048   Code   RO          423    i.MX_TIM7_Init      tim.o
    0x08002510   0x08002510   0x00000038   Code   RO          465    i.MX_UART7_Init     usart.o
    0x08002548   0x08002548   0x0000003c   Code   RO          466    i.MX_USART1_UART_Init  usart.o
    0x08002584   0x08002584   0x00000038   Code   RO          467    i.MX_USART6_UART_Init  usart.o
    0x080025bc   0x080025bc   0x0000007c   Code   RO         3583    i.MY_M6020_getInfo  gm6020_motor.o
    0x08002638   0x08002638   0x00000002   Code   RO          525    i.MemManage_Handler  stm32f4xx_it.o
    0x0800263a   0x0800263a   0x00000002   Code   RO          526    i.NMI_Handler       stm32f4xx_it.o
    0x0800263c   0x0800263c   0x000000ac   Code   RO         3620    i.NM_swj            dr16_recive.o
    0x080026e8   0x080026e8   0x000000b8   Code   RO         3621    i.NM_swj2           dr16_recive.o
    0x080027a0   0x080027a0   0x00000002   Code   RO          527    i.PendSV_Handler    stm32f4xx_it.o
    0x080027a2   0x080027a2   0x0000000c   Code   RO         3517    i.PositionPID_paraReset  pid.o
    0x080027ae   0x080027ae   0x00000002   PAD
    0x080027b0   0x080027b0   0x000000b4   Code   RO         3519    i.Position_PID      pid.o
    0x08002864   0x08002864   0x00000002   Code   RO          528    i.SVC_Handler       stm32f4xx_it.o
    0x08002866   0x08002866   0x00000004   Code   RO          529    i.SysTick_Handler   stm32f4xx_it.o
    0x0800286a   0x0800286a   0x00000002   PAD
    0x0800286c   0x0800286c   0x00000084   Code   RO          226    i.SystemClock_Config  main.o
    0x080028f0   0x080028f0   0x00000010   Code   RO         3374    i.SystemInit        system_stm32f4xx.o
    0x08002900   0x08002900   0x0000000c   Code   RO          530    i.TIM7_IRQHandler   stm32f4xx_it.o
    0x0800290c   0x0800290c   0x000000c8   Code   RO         2209    i.TIM_Base_SetConfig  stm32f4xx_hal_tim.o
    0x080029d4   0x080029d4   0x00000010   Code   RO         3085    i.UART_DMAAbortOnError  stm32f4xx_hal_uart.o
    0x080029e4   0x080029e4   0x0000004a   Code   RO         3086    i.UART_DMAError     stm32f4xx_hal_uart.o
    0x08002a2e   0x08002a2e   0x0000002e   Code   RO         3091    i.UART_DMATransmitCplt  stm32f4xx_hal_uart.o
    0x08002a5c   0x08002a5c   0x0000000a   Code   RO         3093    i.UART_DMATxHalfCplt  stm32f4xx_hal_uart.o
    0x08002a66   0x08002a66   0x0000001c   Code   RO         3095    i.UART_EndRxTransfer  stm32f4xx_hal_uart.o
    0x08002a82   0x08002a82   0x00000012   Code   RO         3096    i.UART_EndTxTransfer  stm32f4xx_hal_uart.o
    0x08002a94   0x08002a94   0x00000096   Code   RO         3097    i.UART_Receive_IT   stm32f4xx_hal_uart.o
    0x08002b2a   0x08002b2a   0x00000002   PAD
    0x08002b2c   0x08002b2c   0x00000128   Code   RO         3098    i.UART_SetConfig    stm32f4xx_hal_uart.o
    0x08002c54   0x08002c54   0x00000062   Code   RO         3099    i.UART_Transmit_IT  stm32f4xx_hal_uart.o
    0x08002cb6   0x08002cb6   0x00000002   PAD
    0x08002cb8   0x08002cb8   0x0000000c   Code   RO          531    i.USART1_IRQHandler  stm32f4xx_it.o
    0x08002cc4   0x08002cc4   0x0000006c   Code   RO          532    i.USART6_IRQHandler  stm32f4xx_it.o
    0x08002d30   0x08002d30   0x00000002   Code   RO          533    i.UsageFault_Handler  stm32f4xx_it.o
    0x08002d32   0x08002d32   0x00000020   Code   RO         1732    i.__NVIC_SetPriority  stm32f4xx_hal_cortex.o
    0x08002d52   0x08002d52   0x0000000e   Code   RO         3848    i.__scatterload_copy  mc_w.l(handlers.o)
    0x08002d60   0x08002d60   0x00000002   Code   RO         3849    i.__scatterload_null  mc_w.l(handlers.o)
    0x08002d62   0x08002d62   0x0000000e   Code   RO         3850    i.__scatterload_zeroinit  mc_w.l(handlers.o)
    0x08002d70   0x08002d70   0x0000002a   Code   RO         3520    i.abs_limit         pid.o
    0x08002d9a   0x08002d9a   0x00000002   PAD
    0x08002d9c   0x08002d9c   0x00000138   Code   RO          227    i.main              main.o
    0x08002ed4   0x08002ed4   0x000000ac   Code   RO         3705    i.my_6020_control   control.o
    0x08002f80   0x08002f80   0x00000054   Code   RO         3622    i.usart1_dr16_init  dr16_recive.o
    0x08002fd4   0x08002fd4   0x00000060   Data   RO           16    .constdata          debug.o
    0x08003034   0x08003034   0x00000008   Data   RO         1431    .constdata          stm32f4xx_hal_dma.o
    0x0800303c   0x0800303c   0x00000010   Data   RO         3375    .constdata          system_stm32f4xx.o
    0x0800304c   0x0800304c   0x00000008   Data   RO         3376    .constdata          system_stm32f4xx.o
    0x08003054   0x08003054   0x00000020   Data   RO         3846    Region$$Table       anon$$obj.o


    Execution Region RW_IRAM2 (Exec base: 0x10000000, Load base: 0x080030f8, Size: 0x00000000, Max: 0x00010000, ABSOLUTE)

    **** No section assigned to this execution region ****


    Execution Region RW_IRAM1 (Exec base: 0x20000000, Load base: 0x08003074, Size: 0x00000a60, Max: 0x00030000, ABSOLUTE)

    Exec Addr    Load Addr    Size         Type   Attr      Idx    E Section Name        Object

    0x20000000   0x08003074   0x00000001   Data   RW           17    .data               debug.o
    0x20000001   0x08003075   0x00000003   PAD
    0x20000004   0x08003078   0x00000004   Data   RW          228    .data               main.o
    0x20000008   0x0800307c   0x00000020   Data   RW          237    .data               main.o
    0x20000028   0x0800309c   0x00000004   Data   RW          238    .data               main.o
    0x2000002c   0x080030a0   0x00000004   Data   RW          239    .data               main.o
    0x20000030   0x080030a4   0x00000004   Data   RW          245    .data               main.o
    0x20000034   0x080030a8   0x00000004   Data   RW          246    .data               main.o
    0x20000038   0x080030ac   0x00000002   Data   RW          535    .data               stm32f4xx_it.o
    0x2000003a   0x080030ae   0x00000002   PAD
    0x2000003c   0x080030b0   0x0000000c   Data   RW         1878    .data               stm32f4xx_hal.o
    0x20000048   0x080030bc   0x00000004   Data   RW         3377    .data               system_stm32f4xx.o
    0x2000004c   0x080030c0   0x00000004   Data   RW         3521    .data               pid.o
    0x20000050   0x080030c4   0x0000002c   Data   RW         3624    .data               dr16_recive.o
    0x2000007c   0x080030f0   0x00000008   Data   RW         3707    .data               control.o
    0x20000084        -       0x00000104   Zero   RW           15    .bss                debug.o
    0x20000188        -       0x0000002a   Zero   RW          173    .bss                debug_datascope.o
    0x200001b2   0x080030f8   0x00000002   PAD
    0x200001b4        -       0x00000028   Zero   RW          358    .bss                can.o
    0x200001dc        -       0x00000040   Zero   RW          424    .bss                tim.o
    0x2000021c        -       0x000001e0   Zero   RW          468    .bss                usart.o
    0x200003fc        -       0x0000001e   Zero   RW          534    .bss                stm32f4xx_it.o
    0x2000041a   0x080030f8   0x00000002   PAD
    0x2000041c        -       0x00000040   Zero   RW         3415    .bss                bsp_can.o
    0x2000045c        -       0x000000e0   Zero   RW         3465    .bss                m2006_motor.o
    0x2000053c        -       0x00000060   Zero   RW         3584    .bss                gm6020_motor.o
    0x2000059c        -       0x00000048   Zero   RW         3623    .bss                dr16_recive.o
    0x200005e4        -       0x00000078   Zero   RW         3706    .bss                control.o
    0x2000065c   0x080030f8   0x00000004   PAD
    0x20000660        -       0x00000400   Zero   RW            1    STACK               startup_stm32f427xx.o


==============================================================================

Image component sizes


      Code (inc. data)   RO Data    RW Data    ZI Data      Debug   Object Name

       148         20          0          0         64       2623   bsp_can.o
       188         22          0          0         40       1593   can.o
       172         36          0          8        120        900   control.o
       284         26         96          1        260     751101   debug.o
       108         18          0          0         42       1854   debug_datascope.o
        76          4          0          0          0        746   dma.o
       880         94          0         44         72       5345   dr16_recive.o
       188         14          0          0         96       2262   gm6020_motor.o
       108          6          0          0          0        899   gpio.o
         0          0          0          0        224        687   m2006_motor.o
       446         52          0         52          0       3276   main.o
       234         12          0          4          0       2264   pid.o
        36          8        428          0       1024        812   startup_stm32f427xx.o
       180         28          0         12          0       9377   stm32f4xx_hal.o
      1070          6          0          0          0       5156   stm32f4xx_hal_can.o
       198         14          0          0          0      33807   stm32f4xx_hal_cortex.o
      1008         16          8          0          0       7118   stm32f4xx_hal_dma.o
       468         54          0          0          0       1704   stm32f4xx_hal_gpio.o
        48          6          0          0          0        810   stm32f4xx_hal_msp.o
      1332         76          0          0          0       5084   stm32f4xx_hal_rcc.o
       654         44          0          0          0       6501   stm32f4xx_hal_tim.o
       148         28          0          0          0       2361   stm32f4xx_hal_tim_ex.o
      1246         30          0          0          0      10813   stm32f4xx_hal_uart.o
       324         72          0          2         30       8616   stm32f4xx_it.o
        16          4         24          4          0       1055   system_stm32f4xx.o
       132         20          0          0         64       1514   tim.o
       660         70          0          0        480       3307   usart.o

    ----------------------------------------------------------------------
     10382        780        588        132       2524     871585   Object Totals
         0          0         32          0          0          0   (incl. Generated)
        30          0          0          5          8          0   (incl. Padding)

    ----------------------------------------------------------------------

      Code (inc. data)   RO Data    RW Data    ZI Data      Debug   Library Member Name

         0          0          0          0          0          0   entry.o
         0          0          0          0          0          0   entry10a.o
         0          0          0          0          0          0   entry11a.o
         8          4          0          0          0          0   entry2.o
         4          0          0          0          0          0   entry5.o
         0          0          0          0          0          0   entry7b.o
         0          0          0          0          0          0   entry8b.o
         8          4          0          0          0          0   entry9a.o
        30          0          0          0          0          0   handlers.o
        36          8          0          0          0         68   init.o
         0          0          0          0          0          0   iusefp.o
        30          0          0          0          0         68   llshl.o
        36          0          0          0          0         68   llsshr.o
        32          0          0          0          0         68   llushr.o
        36          0          0          0          0         68   memcpya.o
        36          0          0          0          0        108   memseta.o
        14          0          0          0          0         68   strlen.o
        98          0          0          0          0         92   uldiv.o
       334          0          0          0          0        148   dadd.o
       222          0          0          0          0        100   ddiv.o
       186          0          0          0          0        176   depilogue.o
        62          0          0          0          0         80   dfixi.o
        34          0          0          0          0         76   dflti.o
       228          0          0          0          0         96   dmul.o

    ----------------------------------------------------------------------
      1434         16          0          0          0       1284   Library Totals
         0          0          0          0          0          0   (incl. Padding)

    ----------------------------------------------------------------------

      Code (inc. data)   RO Data    RW Data    ZI Data      Debug   Library Name

       368         16          0          0          0        608   mc_w.l
      1066          0          0          0          0        676   mf_w.l

    ----------------------------------------------------------------------
      1434         16          0          0          0       1284   Library Totals

    ----------------------------------------------------------------------

==============================================================================


      Code (inc. data)   RO Data    RW Data    ZI Data      Debug   

     11816        796        588        132       2524     863001   Grand Totals
     11816        796        588        132       2524     863001   ELF Image Totals
     11816        796        588        132          0          0   ROM Totals

==============================================================================

    Total RO  Size (Code + RO Data)                12404 (  12.11kB)
    Total RW  Size (RW Data + ZI Data)              2656 (   2.59kB)
    Total ROM Size (Code + RO Data + RW Data)      12536 (  12.24kB)

==============================================================================

